Component: ARM Compiler 5.06 update 7 (build 960) Tool: armlink [4d3601]

==============================================================================

Section Cross References

    startup_stm32f103xe.o(STACK) refers (Special) to heapauxi.o(.text) for __use_two_region_memory
    startup_stm32f103xe.o(HEAP) refers (Special) to heapauxi.o(.text) for __use_two_region_memory
    startup_stm32f103xe.o(RESET) refers (Special) to heapauxi.o(.text) for __use_two_region_memory
    startup_stm32f103xe.o(RESET) refers to startup_stm32f103xe.o(STACK) for __initial_sp
    startup_stm32f103xe.o(RESET) refers to startup_stm32f103xe.o(.text) for Reset_Handler
    startup_stm32f103xe.o(RESET) refers to stm32f1xx_it.o(i.NMI_Handler) for NMI_Handler
    startup_stm32f103xe.o(RESET) refers to stm32f1xx_it.o(i.HardFault_Handler) for HardFault_Handler
    startup_stm32f103xe.o(RESET) refers to stm32f1xx_it.o(i.MemManage_Handler) for MemManage_Handler
    startup_stm32f103xe.o(RESET) refers to stm32f1xx_it.o(i.BusFault_Handler) for BusFault_Handler
    startup_stm32f103xe.o(RESET) refers to stm32f1xx_it.o(i.UsageFault_Handler) for UsageFault_Handler
    startup_stm32f103xe.o(RESET) refers to port.o(.emb_text) for SVC_Handler
    startup_stm32f103xe.o(RESET) refers to stm32f1xx_it.o(i.DebugMon_Handler) for DebugMon_Handler
    startup_stm32f103xe.o(RESET) refers to cmsis_os2.o(i.SysTick_Handler) for SysTick_Handler
    startup_stm32f103xe.o(RESET) refers to stm32f1xx_it.o(i.DMA1_Channel5_IRQHandler) for DMA1_Channel5_IRQHandler
    startup_stm32f103xe.o(RESET) refers to stm32f1xx_it.o(i.CAN1_RX1_IRQHandler) for CAN1_RX1_IRQHandler
    startup_stm32f103xe.o(RESET) refers to stm32f1xx_it.o(i.TIM2_IRQHandler) for TIM2_IRQHandler
    startup_stm32f103xe.o(RESET) refers to stm32f1xx_it.o(i.USART1_IRQHandler) for USART1_IRQHandler
    startup_stm32f103xe.o(.text) refers (Special) to heapauxi.o(.text) for __use_two_region_memory
    startup_stm32f103xe.o(.text) refers to system_stm32f1xx.o(i.SystemInit) for SystemInit
    startup_stm32f103xe.o(.text) refers to __main.o(!!!main) for __main
    startup_stm32f103xe.o(.text) refers to startup_stm32f103xe.o(HEAP) for Heap_Mem
    startup_stm32f103xe.o(.text) refers to startup_stm32f103xe.o(STACK) for Stack_Mem
    can_process.o(i.HAL_CAN_RxFifo0MsgPendingCallback) refers to _printf_pad.o(.text) for _printf_pre_padding
    can_process.o(i.HAL_CAN_RxFifo0MsgPendingCallback) refers to _printf_percent.o(.ARM.Collect$$_printf_percent$$00000000) for _printf_percent
    can_process.o(i.HAL_CAN_RxFifo0MsgPendingCallback) refers to _printf_d.o(.ARM.Collect$$_printf_percent$$00000009) for _printf_d
    can_process.o(i.HAL_CAN_RxFifo0MsgPendingCallback) refers to _printf_x.o(.ARM.Collect$$_printf_percent$$0000000C) for _printf_x
    can_process.o(i.HAL_CAN_RxFifo0MsgPendingCallback) refers to _printf_dec.o(.text) for _printf_int_dec
    can_process.o(i.HAL_CAN_RxFifo0MsgPendingCallback) refers to _printf_hex_int.o(.text) for _printf_longlong_hex
    can_process.o(i.HAL_CAN_RxFifo0MsgPendingCallback) refers to stm32f1xx_hal_can.o(i.HAL_CAN_GetRxMessage) for HAL_CAN_GetRxMessage
    can_process.o(i.HAL_CAN_RxFifo0MsgPendingCallback) refers to stm32f1xx_hal.o(i.HAL_GetTick) for HAL_GetTick
    can_process.o(i.HAL_CAN_RxFifo0MsgPendingCallback) refers to cmsis_os2.o(i.osMessageQueuePut) for osMessageQueuePut
    can_process.o(i.HAL_CAN_RxFifo0MsgPendingCallback) refers to __2printf.o(.text) for __2printf
    can_process.o(i.HAL_CAN_RxFifo0MsgPendingCallback) refers to freertos.o(.data) for Queue_CAN_DataHandle
    led_control.o(i.LED_BreathingUpdate) refers to stm32f1xx_hal.o(i.HAL_GetTick) for HAL_GetTick
    led_control.o(i.LED_BreathingUpdate) refers to led_control.o(.data) for .data
    led_control.o(i.LED_BreathingUpdate) refers to led_control.o(.bss) for .bss
    led_control.o(i.LED_BreathingUpdate) refers to tim.o(.bss) for htim3
    led_control.o(i.LED_Init) refers to stm32f1xx_hal_rcc.o(i.HAL_RCC_GetPCLK1Freq) for HAL_RCC_GetPCLK1Freq
    led_control.o(i.LED_Init) refers to led_control.o(.bss) for .bss
    led_control.o(i.LED_Init) refers to tim.o(.bss) for htim3
    led_control.o(i.LED_UpdatePWM) refers to stm32f1xx_hal_rcc.o(i.HAL_RCC_GetPCLK1Freq) for HAL_RCC_GetPCLK1Freq
    led_control.o(i.LED_UpdatePWM) refers to led_control.o(.bss) for .bss
    led_control.o(i.LED_UpdatePWM) refers to tim.o(.bss) for htim3
    uart_process.o(i.HAL_UART_RxCpltCallback) refers to uart_process.o(.bss) for .bss
    uart_process.o(i.HAL_UART_TxCpltCallback) refers to uart_process.o(.data) for .data
    uart_process.o(i.UART_Init) refers to rt_memclr.o(.text) for __aeabi_memclr
    uart_process.o(i.UART_Init) refers to stm32f1xx_hal_uart.o(i.HAL_UART_Receive_DMA) for HAL_UART_Receive_DMA
    uart_process.o(i.UART_Init) refers to __2printf.o(.text) for __2printf
    uart_process.o(i.UART_Init) refers to uart_process.o(.bss) for .bss
    uart_process.o(i.UART_Init) refers to usart.o(.bss) for huart1
[...]
    __scatterload                            0x08000139   Thumb Code     0  __scatter.o(!!!scatter)
    __scatterload_rt2                        0x08000139   Thumb Code    44  __scatter.o(!!!scatter)
    __scatterload_rt2_thumb_only             0x08000139   Thumb Code     0  __scatter.o(!!!scatter)
    __scatterload_null                       0x08000147   Thumb Code     0  __scatter.o(!!!scatter)
    __scatterload_copy                       0x0800016d   Thumb Code    26  __scatter_copy.o(!!handler_copy)
    __scatterload_zeroinit                   0x08000189   Thumb Code    28  __scatter_zi.o(!!handler_zi)
    _printf_d                                0x080001a5   Thumb Code     0  _printf_d.o(.ARM.Collect$$_printf_percent$$00000009)
    _printf_percent                          0x080001a5   Thumb Code     0  _printf_percent.o(.ARM.Collect$$_printf_percent$$00000000)
    _printf_x                                0x080001ab   Thumb Code     0  _printf_x.o(.ARM.Collect$$_printf_percent$$0000000C)
    _printf_s                                0x080001b1   Thumb Code     0  _printf_s.o(.ARM.Collect$$_printf_percent$$00000014)
    _printf_percent_end                      0x080001b7   Thumb Code     0  _printf_percent_end.o(.ARM.Collect$$_printf_percent$$00000017)
    __rt_lib_init                            0x080001bb   Thumb Code     0  libinit.o(.ARM.Collect$$libinit$$00000000)
    __rt_lib_init_fp_1                       0x080001bd   Thumb Code     0  libinit2.o(.ARM.Collect$$libinit$$00000002)
    __rt_lib_init_heap_2                     0x080001bd   Thumb Code     0  libinit2.o(.ARM.Collect$$libinit$$00000005)
    __rt_lib_init_preinit_1                  0x080001bd   Thumb Code     0  libinit2.o(.ARM.Collect$$libinit$$00000004)
    __rt_lib_init_atexit_1                   0x080001c5   Thumb Code     0  libinit2.o(.ARM.Collect$$libinit$$0000001B)
    __rt_lib_init_clock_1                    0x080001c5   Thumb Code     0  libinit2.o(.ARM.Collect$$libinit$$00000021)
    __rt_lib_init_fp_trap_1                  0x080001c5   Thumb Code     0  libinit2.o(.ARM.Collect$$libinit$$0000001F)
    __rt_lib_init_getenv_1                   0x080001c5   Thumb Code     0  libinit2.o(.ARM.Collect$$libinit$$00000023)
    __rt_lib_init_heap_1                     0x080001c5   Thumb Code     0  libinit2.o(.ARM.Collect$$libinit$$0000000A)
    __rt_lib_init_lc_collate_1               0x080001c5   Thumb Code     0  libinit2.o(.ARM.Collect$$libinit$$00000011)
    __rt_lib_init_lc_ctype_1                 0x080001c5   Thumb Code     0  libinit2.o(.ARM.Collect$$libinit$$00000013)
    __rt_lib_init_lc_monetary_1              0x080001c5   Thumb Code     0  libinit2.o(.ARM.Collect$$libinit$$00000015)
    __rt_lib_init_lc_numeric_1               0x080001c5   Thumb Code     0  libinit2.o(.ARM.Collect$$libinit$$00000017)
    __rt_lib_init_lc_time_1                  0x080001c5   Thumb Code     0  libinit2.o(.ARM.Collect$$libinit$$00000019)
    __rt_lib_init_rand_1                     0x080001c5   Thumb Code     0  libinit2.o(.ARM.Collect$$libinit$$0000000E)
    __rt_lib_init_signal_1                   0x080001c5   Thumb Code     0  libinit2.o(.ARM.Collect$$libinit$$0000001D)
    __rt_lib_init_stdio_2                    0x080001c5   Thumb Code     0  libinit2.o(.ARM.Collect$$libinit$$00000024)
    __rt_lib_init_user_alloc_1               0x080001c5   Thumb Code     0  libinit2.o(.ARM.Collect$$libinit$$0000000C)
    __rt_lib_init_alloca_1                   0x080001c9   Thumb Code     0  libinit2.o(.ARM.Collect$$libinit$$0000002E)
    __rt_lib_init_argv_1                     0x080001c9   Thumb Code     0  libinit2.o(.ARM.Collect$$libinit$$0000002C)
    __rt_lib_init_cpp_1                      0x080001c9   Thumb Code     0  libinit2.o(.ARM.Collect$$libinit$$00000032)
    __rt_lib_init_exceptions_1               0x080001c9   Thumb Code     0  libinit2.o(.ARM.Collect$$libinit$$00000030)
    __rt_lib_init_return                     0x080001c9   Thumb Code     0  libinit2.o(.ARM.Collect$$libinit$$00000033)
    __rt_lib_init_stdio_1                    0x080001c9   Thumb Code     0  libinit2.o(.ARM.Collect$$libinit$$00000025)
    __rt_lib_shutdown                        0x080001cb   Thumb Code     0  libshutdown.o(.ARM.Collect$$libshutdown$$00000000)
    __rt_lib_shutdown_cpp_1                  0x080001cd   Thumb Code     0  libshutdown2.o(.ARM.Collect$$libshutdown$$00000004)
    __rt_lib_shutdown_fini_1                 0x080001cd   Thumb Code     0  libshutdown2.o(.ARM.Collect$$libshutdown$$00000002)
    __rt_lib_shutdown_stdio_2                0x080001cd   Thumb Code     0  libshutdown2.o(.ARM.Collect$$libshutdown$$00000005)
    __rt_lib_shutdown_fp_trap_1              0x080001d1   Thumb Code     0  libshutdown2.o(.ARM.Collect$$libshutdown$$00000009)
    __rt_lib_shutdown_heap_1                 0x080001d1   Thumb Code     0  libshutdown2.o(.ARM.Collect$$libshutdown$$00000011)
    __rt_lib_shutdown_return                 0x080001d1   Thumb Code     0  libshutdown2.o(.ARM.Collect$$libshutdown$$00000012)
    __rt_lib_shutdown_signal_1               0x080001d1   Thumb Code     0  libshutdown2.o(.ARM.Collect$$libshutdown$$0000000C)
    __rt_lib_shutdown_stdio_1                0x080001d1   Thumb Code     0  libshutdown2.o(.ARM.Collect$$libshutdown$$00000006)
    __rt_lib_shutdown_user_alloc_1           0x080001d1   Thumb Code     0  libshutdown2.o(.ARM.Collect$$libshutdown$$0000000E)
    __rt_entry                               0x080001d3   Thumb Code     0  __rtentry.o(.ARM.Collect$$rtentry$$00000000)
    __rt_entry_presh_1                       0x080001d3   Thumb Code     0  __rtentry2.o(.ARM.Collect$$rtentry$$00000002)
    __rt_entry_sh                            0x080001d3   Thumb Code     0  __rtentry4.o(.ARM.Collect$$rtentry$$00000004)
    __rt_entry_li                            0x080001d9   Thumb Code     0  __rtentry2.o(.ARM.Collect$$rtentry$$0000000A)
    __rt_entry_postsh_1                      0x080001d9   Thumb Code     0  __rtentry2.o(.ARM.Collect$$rtentry$$00000009)
    __rt_entry_main                          0x080001dd   Thumb Code     0  __rtentry2.o(.ARM.Collect$$rtentry$$0000000D)
    __rt_entry_postli_1                      0x080001dd   Thumb Code     0  __rtentry2.o(.ARM.Collect$$rtentry$$0000000C)
    __rt_exit                                0x080001e5   Thumb Code     0  rtexit.o(.ARM.Collect$$rtexit$$00000000)
    __rt_exit_ls                             0x080001e7   Thumb Code     0  rtexit2.o(.ARM.Collect$$rtexit$$00000003)
    __rt_exit_prels_1                        0x080001e7   Thumb Code     0  rtexit2.o(.ARM.Collect$$rtexit$$00000002)
    __rt_exit_exit                           0x080001eb   Thumb Code     0  rtexit2.o(.ARM.Collect$$rtexit$$00000004)
    SVC_Handler                              0x080001f1   Thumb Code    32  port.o(.emb_text)
    __asm___6_port_c_39a90d8d__prvStartFirstTask 0x08000215   Thumb Code    28  port.o(.emb_text)
    PendSV_Handler                           0x08000235   Thumb Code    72  port.o(.emb_text)
    vPortGetIPSR                             0x08000281   Thumb Code     6  port.o(.emb_text)
    Reset_Handler                            0x08000289   Thumb Code     8  startup_stm32f103xe.o(.text)
    _maybe_terminate_alloc                   0x08000289   Thumb Code     0  maybetermalloc1.o(.emb_text)
    ADC1_2_IRQHandler                        0x080002a3   Thumb Code     0  startup_stm32f103xe.o(.text)
    ADC3_IRQHandler                          0x080002a3   Thumb Code     0  startup_stm32f103xe.o(.text)
    CAN1_SCE_IRQHandler                      0x080002a3   Thumb Code     0  startup_stm32f103xe.o(.text)
    DMA1_Channel1_IRQHandler                 0x080002a3   Thumb Code     0  startup_stm32f103xe.o(.text)
    DMA1_Channel2_IRQHandler                 0x080002a3   Thumb Code     0  startup_stm32f103xe.o(.text)
    DMA1_Channel3_IRQHandler                 0x080002a3   Thumb Code     0  startup_stm32f103xe.o(.text)
    DMA1_Channel4_IRQHandler                 0x080002a3   Thumb Code     0  startup_stm32f103xe.o(.text)
    DMA1_Channel6_IRQHandler                 0x080002a3   Thumb Code     0  startup_stm32f103xe.o(.text)
    DMA1_Channel7_IRQHandler                 0x080002a3   Thumb Code     0  startup_stm32f103xe.o(.text)
    DMA2_Channel1_IRQHandler                 0x080002a3   Thumb Code     0  startup_stm32f103xe.o(.text)
    DMA2_Channel2_IRQHandler                 0x080002a3   Thumb Code     0  startup_stm32f103xe.o(.text)
    DMA2_Channel3_IRQHandler                 0x080002a3   Thumb Code     0  startup_stm32f103xe.o(.text)
    DMA2_Channel4_5_IRQHandler               0x080002a3   Thumb Code     0  startup_stm32f103xe.o(.text)
    EXTI0_IRQHandler                         0x080002a3   Thumb Code     0  startup_stm32f103xe.o(.text)
    EXTI15_10_IRQHandler                     0x080002a3   Thumb Code     0  startup_stm32f103xe.o(.text)
    EXTI1_IRQHandler                         0x080002a3   Thumb Code     0  startup_stm32f103xe.o(.text)
    EXTI2_IRQHandler                         0x080002a3   Thumb Code     0  startup_stm32f103xe.o(.text)
    EXTI3_IRQHandler                         0x080002a3   Thumb Code     0  startup_stm32f103xe.o(.text)
    EXTI4_IRQHandler                         0x080002a3   Thumb Code     0  startup_stm32f103xe.o(.text)
    EXTI9_5_IRQHandler                       0x080002a3   Thumb Code     0  startup_stm32f103xe.o(.text)
    FLASH_IRQHandler                         0x080002a3   Thumb Code     0  startup_stm32f103xe.o(.text)
    FSMC_IRQHandler                          0x080002a3   Thumb Code     0  startup_stm32f103xe.o(.text)
    I2C1_ER_IRQHandler                       0x080002a3   Thumb Code     0  startup_stm32f103xe.o(.text)
    I2C1_EV_IRQHandler                       0x080002a3   Thumb Code     0  startup_stm32f103xe.o(.text)
    I2C2_ER_IRQHandler                       0x080002a3   Thumb Code     0  startup_stm32f103xe.o(.text)
    I2C2_EV_IRQHandler                       0x080002a3   Thumb Code     0  startup_stm32f103xe.o(.text)
    PVD_IRQHandler                           0x080002a3   Thumb Code     0  startup_stm32f103xe.o(.text)
    RCC_IRQHandler                           0x080002a3   Thumb Code     0  startup_stm32f103xe.o(.text)
    RTC_Alarm_IRQHandler                     0x080002a3   Thumb Code     0  startup_stm32f103xe.o(.text)
    RTC_IRQHandler                           0x080002a3   Thumb Code     0  startup_stm32f103xe.o(.text)
    SDIO_IRQHandler                          0x080002a3   Thumb Code     0  startup_stm32f103xe.o(.text)
    SPI1_IRQHandler                          0x080002a3   Thumb Code     0  startup_stm32f103xe.o(.text)
    SPI2_IRQHandler                          0x080002a3   Thumb Code     0  startup_stm32f103xe.o(.text)
    SPI3_IRQHandler                          0x080002a3   Thumb Code     0  startup_stm32f103xe.o(.text)
    TAMPER_IRQHandler                        0x080002a3   Thumb Code     0  startup_stm32f103xe.o(.text)
    TIM1_BRK_IRQHandler                      0x080002a3   Thumb Code     0  startup_stm32f103xe.o(.text)
    TIM1_CC_IRQHandler                       0x080002a3   Thumb Code     0  startup_stm32f103xe.o(.text)
    TIM1_TRG_COM_IRQHandler                  0x080002a3   Thumb Code     0  startup_stm32f103xe.o(.text)
    TIM1_UP_IRQHandler                       0x080002a3   Thumb Code     0  startup_stm32f103xe.o(.text)
    TIM3_IRQHandler                          0x080002a3   Thumb Code     0  startup_stm32f103xe.o(.text)
    TIM4_IRQHandler                          0x080002a3   Thumb Code     0  startup_stm32f103xe.o(.text)
    TIM5_IRQHandler                          0x080002a3   Thumb Code     0  startup_stm32f103xe.o(.text)
    TIM6_IRQHandler                          0x080002a3   Thumb Code     0  startup_stm32f103xe.o(.text)
    TIM7_IRQHandler                          0x080002a3   Thumb Code     0  startup_stm32f103xe.o(.text)
    TIM8_BRK_IRQHandler                      0x080002a3   Thumb Code     0  startup_stm32f103xe.o(.text)
    TIM8_CC_IRQHandler                       0x080002a3   Thumb Code     0  startup_stm32f103xe.o(.text)
    TIM8_TRG_COM_IRQHandler                  0x080002a3   Thumb Code     0  startup_stm32f103xe.o(.text)
    TIM8_UP_IRQHandler                       0x080002a3   Thumb Code     0  startup_stm32f103xe.o(.text)
    UART4_IRQHandler                         0x080002a3   Thumb Code     0  startup_stm32f103xe.o(.text)
    UART5_IRQHandler                         0x080002a3   Thumb Code     0  startup_stm32f103xe.o(.text)
    USART2_IRQHandler                        0x080002a3   Thumb Code     0  startup_stm32f103xe.o(.text)
    USART3_IRQHandler                        0x080002a3   Thumb Code     0  startup_stm32f103xe.o(.text)
    USBWakeUp_IRQHandler                     0x080002a3   Thumb Code     0  startup_stm32f103xe.o(.text)
    USB_HP_CAN1_TX_IRQHandler                0x080002a3   Thumb Code     0  startup_stm32f103xe.o(.text)
    USB_LP_CAN1_RX0_IRQHandler               0x080002a3   Thumb Code     0  startup_stm32f103xe.o(.text)
    WWDG_IRQHandler                          0x080002a3   Thumb Code     0  startup_stm32f103xe.o(.text)
    __user_initial_stackheap                 0x080002a5   Thumb Code     0  startup_stm32f103xe.o(.text)
    __2printf                                0x080002c9   Thumb Code    20  __2printf.o(.text)
    _printf_pre_padding                      0x080002e1   Thumb Code    44  _printf_pad.o(.text)
    _printf_post_padding                     0x0800030d   Thumb Code    34  _printf_pad.o(.text)
    _printf_str                              0x0800032f   Thumb Code    82  _printf_str.o(.text)
    _printf_int_dec                          0x08000381   Thumb Code   104  _printf_dec.o(.text)
    _printf_int_hex                          0x080003f9   Thumb Code    84  _printf_hex_int.o(.text)
    _printf_longlong_hex                     0x080003f9   Thumb Code     0  _printf_hex_int.o(.text)
    __printf                                 0x08000451   Thumb Code   308  __printf_flags_wp.o(.text)
    strlen                                   0x08000589   Thumb Code    62  strlen.o(.text)
    __aeabi_memcpy                           0x080005c7   Thumb Code     0  rt_memcpy_v6.o(.text)
    __rt_memcpy                              0x080005c7   Thumb Code   138  rt_memcpy_v6.o(.text)
    _memcpy_lastbytes                        0x0800062d   Thumb Code     0  rt_memcpy_v6.o(.text)
    __aeabi_memset                           0x08000651   Thumb Code    16  aeabi_memset.o(.text)
    __aeabi_memclr                           0x08000661   Thumb Code     0  rt_memclr.o(.text)
    __rt_memclr                              0x08000661   Thumb Code    68  rt_memclr.o(.text)
    _memset                                  0x08000665   Thumb Code     0  rt_memclr.o(.text)
    __aeabi_memclr4                          0x080006a5   Thumb Code     0  rt_memclr_w.o(.text)
    __aeabi_memclr8                          0x080006a5   Thumb Code     0  rt_memclr_w.o(.text)
    __rt_memclr_w                            0x080006a5   Thumb Code    78  rt_memclr_w.o(.text)
    _memset_w                                0x080006a9   Thumb Code     0  rt_memclr_w.o(.text)
    __use_two_region_memory                  0x080006f3   Thumb Code     2  heapauxi.o(.text)
    __rt_heap_escrow                         0x080006f5   Thumb Code     2  heapauxi.o(.text)
    __rt_heap_expand                         0x080006f7   Thumb Code     2  heapauxi.o(.text)
    _printf_int_common                       0x080006f9   Thumb Code   178  _printf_intcommon.o(.text)
    _printf_char_common                      0x080007b7   Thumb Code    32  _printf_char_common.o(.text)
    _printf_cs_common                        0x080007dd   Thumb Code    20  _printf_char.o(.text)
    _printf_char                             0x080007f1   Thumb Code    16  _printf_char.o(.text)
    _printf_string                           0x08000801   Thumb Code     8  _printf_char.o(.text)
    _printf_char_file                        0x08000809   Thumb Code    32  _printf_char_file.o(.text)
    __aeabi_memcpy4                          0x0800082d   Thumb Code     0  rt_memcpy_w.o(.text)
    __aeabi_memcpy8                          0x0800082d   Thumb Code     0  rt_memcpy_w.o(.text)
    __rt_memcpy_w                            0x0800082d   Thumb Code   100  rt_memcpy_w.o(.text)
    _memcpy_lastbytes_aligned                0x08000875   Thumb Code     0  rt_memcpy_w.o(.text)
    ferror                                   0x08000891   Thumb Code     8  ferror.o(.text)
    _initio                                  0x08000899   Thumb Code   210  initio.o(.text)
    _terminateio                             0x0800096b   Thumb Code    56  initio.o(.text)
    _sys_open                                0x080009d1   Thumb Code    20  sys_io.o(.text)
    _sys_close                               0x080009e5   Thumb Code    12  sys_io.o(.text)
    _sys_write                               0x080009f1   Thumb Code    16  sys_io.o(.text)
    _sys_read                                0x08000a01   Thumb Code    14  sys_io.o(.text)
    _sys_istty                               0x08000a0f   Thumb Code    12  sys_io.o(.text)
    _sys_seek                                0x08000a1b   Thumb Code    14  sys_io.o(.text)
    _sys_ensure                              0x08000a29   Thumb Code     2  sys_io.o(.text)
    _sys_flen                                0x08000a2b   Thumb Code    12  sys_io.o(.text)
    __user_setup_stackheap                   0x08000a37   Thumb Code    74  sys_stackheap_outer.o(.text)
    free                                     0x08000a81   Thumb Code    78  h1_free.o(.text)
    __flsbuf                                 0x08000acf   Thumb Code   470  flsbuf.o(.text)
    __flsbuf_byte                            0x08000acf   Thumb Code     0  flsbuf.o(.text)
    __flsbuf_wide                            0x08000acf   Thumb Code     0  flsbuf.o(.text)
    setvbuf                                  0x08000ca5   Thumb Code    70  setvbuf.o(.text)
    freopen                                  0x08000ced   Thumb Code   158  fopen.o(.text)
    fopen                                    0x08000d8b   Thumb Code    74  fopen.o(.text)
    _fclose_internal                         0x08000dd9   Thumb Code    76  fclose.o(.text)
    fclose                                   0x08000dd9   Thumb Code     0  fclose.o(.text)
    exit                                     0x08000e25   Thumb Code    18  exit.o(.text)
    __rt_SIGRTRED                            0x08000e37   Thumb Code    14  defsig_rtred_outer.o(.text)
    __user_libspace                          0x08000e45   Thumb Code     8  libspace.o(.text)
    __user_perproc_libspace                  0x08000e45   Thumb Code     0  libspace.o(.text)
    __user_perthread_libspace                0x08000e45   Thumb Code     0  libspace.o(.text)
    __I$use$semihosting                      0x08000e4d   Thumb Code     0  use_no_semi.o(.text)
    __use_no_semihosting_swi                 0x08000e4d   Thumb Code     2  use_no_semi.o(.text)
    __semihosting_library_function           0x08000e4f   Thumb Code     0  indicate_semi.o(.text)
    __rt_heap_descriptor                     0x08000e51   Thumb Code     8  rt_heap_descriptor_intlibspace.o(.text)
    __use_no_heap                            0x08000e59   Thumb Code     2  hguard.o(.text)
    __heap$guard                             0x08000e5b   Thumb Code     2  hguard.o(.text)
    _terminate_user_alloc                    0x08000e5d   Thumb Code     2  init_alloc.o(.text)
    _init_user_alloc                         0x08000e5f   Thumb Code     2  init_alloc.o(.text)
    __Heap_Full                              0x08000e61   Thumb Code    34  init_alloc.o(.text)
    __Heap_Broken                            0x08000e83   Thumb Code     6  init_alloc.o(.text)
    _init_alloc                              0x08000e89   Thumb Code    94  init_alloc.o(.text)
    malloc                                   0x08000ee7   Thumb Code    94  h1_alloc.o(.text)
    _fseek                                   0x08000f45   Thumb Code   242  fseek.o(.text)
    fseek                                    0x08000f45   Thumb Code     0  fseek.o(.text)
    _seterr                                  0x0800103d   Thumb Code    20  stdio.o(.text)
    _writebuf                                0x08001051   Thumb Code    84  stdio.o(.text)
    _fflush                                  0x080010a5   Thumb Code    70  stdio.o(.text)
    _deferredlazyseek                        0x080010eb   Thumb Code    60  stdio.o(.text)
    __sig_exit                               0x0800112d   Thumb Code    10  defsig_exit.o(.text)
    __rt_SIGRTRED_inner                      0x08001139   Thumb Code    14  defsig_rtred_inner.o(.text)
    _sys_exit                                0x0800116d   Thumb Code     8  sys_exit.o(.text)
    __Heap_Initialize                        0x08001179   Thumb Code    10  h1_init.o(.text)
    __Heap_DescSize                          0x08001183   Thumb Code     4  h1_init.o(.text)
    __Heap_ProvideMemory                     0x08001187   Thumb Code    52  h1_extend.o(.text)
    _ftell_internal                          0x080011bb   Thumb Code    66  ftell.o(.text)
    ftell                                    0x080011bb   Thumb Code     0  ftell.o(.text)
    __default_signal_display                 0x080011fd   Thumb Code    50  defsig_general.o(.text)
    __rt_SIGRTMEM                            0x0800122f   Thumb Code    14  defsig_rtmem_outer.o(.text)
    _ttywrch                                 0x0800123d   Thumb Code    14  sys_wrch.o(.text)
    __aeabi_errno_addr                       0x0800124d   Thumb Code     8  rt_errno_addr_intlibspace.o(.text)
    __errno$intlibspace                      0x0800124d   Thumb Code     0  rt_errno_addr_intlibspace.o(.text)
    __rt_errno_addr$intlibspace              0x0800124d   Thumb Code     0  rt_errno_addr_intlibspace.o(.text)
    __rt_SIGRTMEM_inner                      0x08001255   Thumb Code    22  defsig_rtmem_inner.o(.text)
    BusFault_Handler                         0x080012a5   Thumb Code     2  stm32f1xx_it.o(i.BusFault_Handler)
    CAN1_RX1_IRQHandler                      0x080012a9   Thumb Code     6  stm32f1xx_it.o(i.CAN1_RX1_IRQHandler)
    CAN_CheckFrame                           0x080012b5   Thumb Code    66  can_process.o(i.CAN_CheckFrame)
    CAN_ExtractControlInfo                   0x080012f7   Thumb Code    86  can_process.o(i.CAN_ExtractControlInfo)
    DMA1_Channel5_IRQHandler                 0x0800134d   Thumb Code     6  stm32f1xx_it.o(i.DMA1_Channel5_IRQHandler)
    DebugMon_Handler                         0x08001383   Thumb Code     2  stm32f1xx_it.o(i.DebugMon_Handler)
    Error_Handler                            0x08001385   Thumb Code     4  main.o(i.Error_Handler)
    HAL_CAN_ActivateNotification             0x08001389   Thumb Code    36  stm32f1xx_hal_can.o(i.HAL_CAN_ActivateNotification)
    HAL_CAN_ErrorCallback                    0x080013ad   Thumb Code     2  stm32f1xx_hal_can.o(i.HAL_CAN_ErrorCallback)
    HAL_CAN_GetRxMessage                     0x080013af   Thumb Code   244  stm32f1xx_hal_can.o(i.HAL_CAN_GetRxMessage)
    HAL_CAN_IRQHandler                       0x080014a3   Thumb Code   508  stm32f1xx_hal_can.o(i.HAL_CAN_IRQHandler)
    HAL_CAN_Init                             0x0800169f   Thumb Code   282  stm32f1xx_hal_can.o(i.HAL_CAN_Init)
    HAL_CAN_MspInit                          0x080017b9   Thumb Code   112  can.o(i.HAL_CAN_MspInit)
    HAL_CAN_RxFifo0FullCallback              0x08001835   Thumb Code     2  stm32f1xx_hal_can.o(i.HAL_CAN_RxFifo0FullCallback)
    HAL_CAN_RxFifo0MsgPendingCallback        0x08001839   Thumb Code    84  can_process.o(i.HAL_CAN_RxFifo0MsgPendingCallback)
    HAL_CAN_RxFifo1FullCallback              0x080018d9   Thumb Code     2  stm32f1xx_hal_can.o(i.HAL_CAN_RxFifo1FullCallback)
    HAL_CAN_RxFifo1MsgPendingCallback        0x080018db   Thumb Code     2  stm32f1xx_hal_can.o(i.HAL_CAN_RxFifo1MsgPendingCallback)
    HAL_CAN_SleepCallback                    0x080018dd   Thumb Code     2  stm32f1xx_hal_can.o(i.HAL_CAN_SleepCallback)
    HAL_CAN_Start                            0x080018e1   Thumb Code    88  stm32f1xx_hal_can.o(i.HAL_CAN_Start)
    HAL_CAN_TxMailbox0AbortCallback          0x08001939   Thumb Code     2  stm32f1xx_hal_can.o(i.HAL_CAN_TxMailbox0AbortCallback)
    HAL_CAN_TxMailbox0CompleteCallback       0x0800193b   Thumb Code     2  stm32f1xx_hal_can.o(i.HAL_CAN_TxMailbox0CompleteCallback)
    HAL_CAN_TxMailbox1AbortCallback          0x0800193d   Thumb Code     2  stm32f1xx_hal_can.o(i.HAL_CAN_TxMailbox1AbortCallback)
    HAL_CAN_TxMailbox1CompleteCallback       0x0800193f   Thumb Code     2  stm32f1xx_hal_can.o(i.HAL_CAN_TxMailbox1CompleteCallback)
    HAL_CAN_TxMailbox2AbortCallback          0x08001941   Thumb Code     2  stm32f1xx_hal_can.o(i.HAL_CAN_TxMailbox2AbortCallback)
    HAL_CAN_TxMailbox2CompleteCallback       0x08001943   Thumb Code     2  stm32f1xx_hal_can.o(i.HAL_CAN_TxMailbox2CompleteCallback)
    HAL_CAN_WakeUpFromRxMsgCallback          0x08001945   Thumb Code     2  stm32f1xx_hal_can.o(i.HAL_CAN_WakeUpFromRxMsgCallback)
    HAL_DMA_Abort                            0x08001947   Thumb Code    70  stm32f1xx_hal_dma.o(i.HAL_DMA_Abort)
    HAL_DMA_Abort_IT                         0x0800198d   Thumb Code   296  stm32f1xx_hal_dma.o(i.HAL_DMA_Abort_IT)
    HAL_DMA_IRQHandler                       0x08001abd   Thumb Code   552  stm32f1xx_hal_dma.o(i.HAL_DMA_IRQHandler)
    HAL_DMA_Init                             0x08001d05   Thumb Code   112  stm32f1xx_hal_dma.o(i.HAL_DMA_Init)
    HAL_DMA_Start_IT                         0x08001d81   Thumb Code   112  stm32f1xx_hal_dma.o(i.HAL_DMA_Start_IT)
    HAL_GPIO_Init                            0x08001df1   Thumb Code   462  stm32f1xx_hal_gpio.o(i.HAL_GPIO_Init)
    HAL_GetTick                              0x08001fe9   Thumb Code     6  stm32f1xx_hal.o(i.HAL_GetTick)
    HAL_IncTick                              0x08001ff5   Thumb Code    12  stm32f1xx_hal.o(i.HAL_IncTick)
    HAL_Init                                 0x08002005   Thumb Code    32  stm32f1xx_hal.o(i.HAL_Init)
    HAL_InitTick                             0x08002029   Thumb Code   134  stm32f1xx_hal_timebase_tim.o(i.HAL_InitTick)
    HAL_MspInit                              0x080020c1   Thumb Code    62  stm32f1xx_hal_msp.o(i.HAL_MspInit)
    HAL_NVIC_EnableIRQ                       0x08002109   Thumb Code    26  stm32f1xx_hal_cortex.o(i.HAL_NVIC_EnableIRQ)
    HAL_NVIC_SetPriority                     0x08002125   Thumb Code    60  stm32f1xx_hal_cortex.o(i.HAL_NVIC_SetPriority)
    HAL_NVIC_SetPriorityGrouping             0x08002165   Thumb Code    26  stm32f1xx_hal_cortex.o(i.HAL_NVIC_SetPriorityGrouping)
    HAL_RCC_ClockConfig                      0x08002189   Thumb Code   280  stm32f1xx_hal_rcc.o(i.HAL_RCC_ClockConfig)
    HAL_RCC_GetClockConfig                   0x080022b5   Thumb Code    54  stm32f1xx_hal_rcc.o(i.HAL_RCC_GetClockConfig)
    HAL_RCC_GetPCLK1Freq                     0x080022f5   Thumb Code    20  stm32f1xx_hal_rcc.o(i.HAL_RCC_GetPCLK1Freq)
    HAL_RCC_GetPCLK2Freq                     0x08002315   Thumb Code    20  stm32f1xx_hal_rcc.o(i.HAL_RCC_GetPCLK2Freq)
    HAL_RCC_GetSysClockFreq                  0x08002335   Thumb Code    58  stm32f1xx_hal_rcc.o(i.HAL_RCC_GetSysClockFreq)
    HAL_RCC_OscConfig                        0x08002381   Thumb Code   778  stm32f1xx_hal_rcc.o(i.HAL_RCC_OscConfig)
    HAL_TIMEx_BreakCallback                  0x080026a1   Thumb Code     2  stm32f1xx_hal_tim_ex.o(i.HAL_TIMEx_BreakCallback)
    HAL_TIMEx_CommutCallback                 0x080026a3   Thumb Code     2  stm32f1xx_hal_tim_ex.o(i.HAL_TIMEx_CommutCallback)
    HAL_TIMEx_MasterConfigSynchronization    0x080026a5   Thumb Code   104  stm32f1xx_hal_tim_ex.o(i.HAL_TIMEx_MasterConfigSynchronization)
    HAL_TIM_Base_Init                        0x08002721   Thumb Code    90  stm32f1xx_hal_tim.o(i.HAL_TIM_Base_Init)
    HAL_TIM_Base_MspInit                     0x0800277d   Thumb Code    30  tim.o(i.HAL_TIM_Base_MspInit)
    HAL_TIM_Base_Start_IT                    0x080027a5   Thumb Code    88  stm32f1xx_hal_tim.o(i.HAL_TIM_Base_Start_IT)
    HAL_TIM_ConfigClockSource                0x08002811   Thumb Code   220  stm32f1xx_hal_tim.o(i.HAL_TIM_ConfigClockSource)
    HAL_TIM_IC_CaptureCallback               0x080028ed   Thumb Code     2  stm32f1xx_hal_tim.o(i.HAL_TIM_IC_CaptureCallback)
    HAL_TIM_IRQHandler                       0x080028ef   Thumb Code   304  stm32f1xx_hal_tim.o(i.HAL_TIM_IRQHandler)
    HAL_TIM_MspPostInit                      0x08002a21   Thumb Code    62  tim.o(i.HAL_TIM_MspPostInit)
    HAL_TIM_OC_DelayElapsedCallback          0x08002a6d   Thumb Code     2  stm32f1xx_hal_tim.o(i.HAL_TIM_OC_DelayElapsedCallback)
    HAL_TIM_PWM_ConfigChannel                0x08002a6f   Thumb Code   204  stm32f1xx_hal_tim.o(i.HAL_TIM_PWM_ConfigChannel)
    HAL_TIM_PWM_Init                         0x08002b3b   Thumb Code    90  stm32f1xx_hal_tim.o(i.HAL_TIM_PWM_Init)
    HAL_TIM_PWM_MspInit                      0x08002b95   Thumb Code     2  stm32f1xx_hal_tim.o(i.HAL_TIM_PWM_MspInit)
    HAL_TIM_PWM_PulseFinishedCallback        0x08002b97   Thumb Code     2  stm32f1xx_hal_tim.o(i.HAL_TIM_PWM_PulseFinishedCallback)
    HAL_TIM_PWM_Start                        0x08002b99   Thumb Code   160  stm32f1xx_hal_tim.o(i.HAL_TIM_PWM_Start)
    HAL_TIM_PeriodElapsedCallback            0x08002c4d   Thumb Code    14  main.o(i.HAL_TIM_PeriodElapsedCallback)
    HAL_TIM_TriggerCallback                  0x08002c5b   Thumb Code     2  stm32f1xx_hal_tim.o(i.HAL_TIM_TriggerCallback)
    HAL_UARTEx_RxEventCallback               0x08002c5d   Thumb Code     2  stm32f1xx_hal_uart.o(i.HAL_UARTEx_RxEventCallback)
    HAL_UART_ErrorCallback                   0x08002c5f   Thumb Code     2  stm32f1xx_hal_uart.o(i.HAL_UART_ErrorCallback)
    HAL_UART_IRQHandler                      0x08002c61   Thumb Code   616  stm32f1xx_hal_uart.o(i.HAL_UART_IRQHandler)
    HAL_UART_Init                            0x08002ecd   Thumb Code   100  stm32f1xx_hal_uart.o(i.HAL_UART_Init)
    HAL_UART_MspInit                         0x08002f31   Thumb Code   158  usart.o(i.HAL_UART_MspInit)
    HAL_UART_Receive_DMA                     0x08002fe5   Thumb Code    28  stm32f1xx_hal_uart.o(i.HAL_UART_Receive_DMA)
    HAL_UART_RxCpltCallback                  0x08003001   Thumb Code    26  uart_process.o(i.HAL_UART_RxCpltCallback)
    HAL_UART_RxHalfCpltCallback              0x08003025   Thumb Code     2  stm32f1xx_hal_uart.o(i.HAL_UART_RxHalfCpltCallback)
    HAL_UART_TxCpltCallback                  0x08003029   Thumb Code    16  uart_process.o(i.HAL_UART_TxCpltCallback)
    HardFault_Handler                        0x08003041   Thumb Code     2  stm32f1xx_it.o(i.HardFault_Handler)
    LED_BreathingUpdate                      0x08003045   Thumb Code   100  led_control.o(i.LED_BreathingUpdate)
    LED_Init                                 0x080030b5   Thumb Code    72  led_control.o(i.LED_Init)
    LED_UpdatePWM                            0x08003105   Thumb Code    74  led_control.o(i.LED_UpdatePWM)
    MX_CAN_Init                              0x08003159   Thumb Code    58  can.o(i.MX_CAN_Init)
    MX_DMA_Init                              0x0800319d   Thumb Code    40  dma.o(i.MX_DMA_Init)
    MX_FREERTOS_Init                         0x080031c9   Thumb Code   116  freertos.o(i.MX_FREERTOS_Init)
    MX_GPIO_Init                             0x08003255   Thumb Code    38  gpio.o(i.MX_GPIO_Init)
    MX_TIM3_Init                             0x08003281   Thumb Code   150  tim.o(i.MX_TIM3_Init)
    MX_USART1_UART_Init                      0x08003321   Thumb Code    48  usart.o(i.MX_USART1_UART_Init)
    MemManage_Handler                        0x08003359   Thumb Code     2  stm32f1xx_it.o(i.MemManage_Handler)
    NMI_Handler                              0x0800335b   Thumb Code     2  stm32f1xx_it.o(i.NMI_Handler)
    StartDefaultTask                         0x0800335d   Thumb Code     8  freertos.o(i.StartDefaultTask)
    StartTask_BreathingLED                   0x08003365   Thumb Code    56  freertos.o(i.StartTask_BreathingLED)
    StartTask_CAN_Process                    0x080033a5   Thumb Code   108  freertos.o(i.StartTask_CAN_Process)
    StartTask_USART_Process                  0x080034ad   Thumb Code    78  freertos.o(i.StartTask_USART_Process)
    SysTick_Handler                          0x08003569   Thumb Code    26  cmsis_os2.o(i.SysTick_Handler)
    SystemClock_Config                       0x08003583   Thumb Code    94  main.o(i.SystemClock_Config)
    SystemInit                               0x080035e1   Thumb Code     2  system_stm32f1xx.o(i.SystemInit)
    TIM2_IRQHandler                          0x080035e5   Thumb Code     6  stm32f1xx_it.o(i.TIM2_IRQHandler)
    TIM_Base_SetConfig                       0x080035f1   Thumb Code   134  stm32f1xx_hal_tim.o(i.TIM_Base_SetConfig)
    TIM_CCxChannelCmd                        0x0800368d   Thumb Code    26  stm32f1xx_hal_tim.o(i.TIM_CCxChannelCmd)
    TIM_ETR_SetConfig                        0x080036a7   Thumb Code    20  stm32f1xx_hal_tim.o(i.TIM_ETR_SetConfig)
    TIM_OC2_SetConfig                        0x0800372d   Thumb Code    98  stm32f1xx_hal_tim.o(i.TIM_OC2_SetConfig)
    UART_Init                                0x08003a01   Thumb Code    64  uart_process.o(i.UART_Init)
    UART_Start_Receive_DMA                   0x08003be9   Thumb Code   130  stm32f1xx_hal_uart.o(i.UART_Start_Receive_DMA)
    USART1_IRQHandler                        0x08003c79   Thumb Code     6  stm32f1xx_it.o(i.USART1_IRQHandler)
    UsageFault_Handler                       0x08003c85   Thumb Code     2  stm32f1xx_it.o(i.UsageFault_Handler)
    _is_digit                                0x08003ca7   Thumb Code    14  __printf_wp.o(i._is_digit)
    fputc                                    0x08003cb5   Thumb Code    26  fputc.o(i.fputc)
    main                                     0x08003cd1   Thumb Code    72  main.o(i.main)
    osDelay                                  0x08003d21   Thumb Code    26  cmsis_os2.o(i.osDelay)
    osKernelInitialize                       0x08003d3d   Thumb Code    32  cmsis_os2.o(i.osKernelInitialize)
    osKernelStart                            0x08003d61   Thumb Code    48  cmsis_os2.o(i.osKernelStart)
    osMessageQueueGet                        0x08003d99   Thumb Code    96  cmsis_os2.o(i.osMessageQueueGet)
    osMessageQueueNew                        0x08003dfd   Thumb Code    88  cmsis_os2.o(i.osMessageQueueNew)
    osMessageQueuePut                        0x08003e55   Thumb Code   100  cmsis_os2.o(i.osMessageQueuePut)
    osSemaphoreNew                           0x08003ebd   Thumb Code   152  cmsis_os2.o(i.osSemaphoreNew)
    osThreadNew                              0x08003f55   Thumb Code   138  cmsis_os2.o(i.osThreadNew)
    pvPortMalloc                             0x08004775   Thumb Code   216  heap_4.o(i.pvPortMalloc)
    pxPortInitialiseStack                    0x08004851   Thumb Code    32  port.o(i.pxPortInitialiseStack)
    uxListRemove                             0x08004875   Thumb Code    38  list.o(i.uxListRemove)
    vApplicationGetIdleTaskMemory            0x0800489d   Thumb Code    16  cmsis_os2.o(i.vApplicationGetIdleTaskMemory)
    vApplicationGetTimerTaskMemory           0x080048b1   Thumb Code    18  cmsis_os2.o(i.vApplicationGetTimerTaskMemory)
    vListInitialise                          0x080048c9   Thumb Code    22  list.o(i.vListInitialise)
    vListInitialiseItem                      0x080048df   Thumb Code     6  list.o(i.vListInitialiseItem)
    vListInsert                              0x080048e5   Thumb Code    48  list.o(i.vListInsert)
    vListInsertEnd                           0x08004915   Thumb Code    24  list.o(i.vListInsertEnd)
    vPortEnterCritical                       0x0800492d   Thumb Code    54  port.o(i.vPortEnterCritical)
    vPortExitCritical                        0x0800496d   Thumb Code    34  port.o(i.vPortExitCritical)
    vPortFree                                0x08004995   Thumb Code    94  heap_4.o(i.vPortFree)
    vPortSetupTimerInterrupt                 0x080049f9   Thumb Code    32  port.o(i.vPortSetupTimerInterrupt)
    vPortValidateInterruptPriority           0x08004a1d   Thumb Code    74  port.o(i.vPortValidateInterruptPriority)
    vQueueAddToRegistry                      0x08004a71   Thumb Code    34  queue.o(i.vQueueAddToRegistry)
    vQueueDelete                             0x08004a99   Thumb Code    46  queue.o(i.vQueueDelete)
    vQueueUnregisterQueue                    0x08004ac9   Thumb Code    36  queue.o(i.vQueueUnregisterQueue)
    vQueueWaitForMessageRestricted           0x08004af1   Thumb Code    68  queue.o(i.vQueueWaitForMessageRestricted)
    vTaskDelay                               0x08004b35   Thumb Code    66  tasks.o(i.vTaskDelay)
    vTaskInternalSetTimeOutState             0x08004b81   Thumb Code    12  tasks.o(i.vTaskInternalSetTimeOutState)
    vTaskMissedYield                         0x08004b91   Thumb Code     8  tasks.o(i.vTaskMissedYield)
    vTaskPlaceOnEventList                    0x08004b9d   Thumb Code    44  tasks.o(i.vTaskPlaceOnEventList)
    vTaskPlaceOnEventListRestricted          0x08004bcd   Thumb Code    52  tasks.o(i.vTaskPlaceOnEventListRestricted)
    vTaskStartScheduler                      0x08004c05   Thumb Code   118  tasks.o(i.vTaskStartScheduler)
    vTaskSuspendAll                          0x08004c8d   Thumb Code    10  tasks.o(i.vTaskSuspendAll)
    vTaskSwitchContext                       0x08004c9d   Thumb Code    90  tasks.o(i.vTaskSwitchContext)
    xPortStartScheduler                      0x08004d01   Thumb Code   154  port.o(i.xPortStartScheduler)
    xPortSysTickHandler                      0x08004da9   Thumb Code    38  port.o(i.xPortSysTickHandler)
    xQueueCreateCountingSemaphore            0x08004dd5   Thumb Code    58  queue.o(i.xQueueCreateCountingSemaphore)
    xQueueCreateCountingSemaphoreStatic      0x08004e0f   Thumb Code    64  queue.o(i.xQueueCreateCountingSemaphoreStatic)
    xQueueGenericCreate                      0x08004e4f   Thumb Code    66  queue.o(i.xQueueGenericCreate)
    xQueueGenericCreateStatic                0x08004e91   Thumb Code   102  queue.o(i.xQueueGenericCreateStatic)
    xQueueGenericReset                       0x08004ef9   Thumb Code   132  queue.o(i.xQueueGenericReset)
    xQueueGenericSend                        0x08004f81   Thumb Code   346  queue.o(i.xQueueGenericSend)
    xQueueGenericSendFromISR                 0x080050e1   Thumb Code   190  queue.o(i.xQueueGenericSendFromISR)
    xQueueReceive                            0x080051a1   Thumb Code   308  queue.o(i.xQueueReceive)
    xQueueReceiveFromISR                     0x080052d9   Thumb Code   154  queue.o(i.xQueueReceiveFromISR)
    xTaskCheckForTimeOut                     0x08005375   Thumb Code   112  tasks.o(i.xTaskCheckForTimeOut)
    xTaskCreate                              0x080053e9   Thumb Code    90  tasks.o(i.xTaskCreate)
    xTaskCreateStatic                        0x08005443   Thumb Code    86  tasks.o(i.xTaskCreateStatic)
    xTaskGetSchedulerState                   0x08005499   Thumb Code    22  tasks.o(i.xTaskGetSchedulerState)
    xTaskGetTickCount                        0x080054b5   Thumb Code     6  tasks.o(i.xTaskGetTickCount)
    xTaskIncrementTick                       0x080054c1   Thumb Code   192  tasks.o(i.xTaskIncrementTick)
    xTaskPriorityDisinherit                  0x08005589   Thumb Code   118  tasks.o(i.xTaskPriorityDisinherit)
    xTaskRemoveFromEventList                 0x08005609   Thumb Code    98  tasks.o(i.xTaskRemoveFromEventList)
    xTaskResumeAll                           0x08005679   Thumb Code   182  tasks.o(i.xTaskResumeAll)
    xTimerCreateTimerTask                    0x0800573d   Thumb Code    78  timers.o(i.xTimerCreateTimerTask)
    xTimerGenericCommand                     0x0800579d   Thumb Code    98  timers.o(i.xTimerGenericCommand)
    defaultTask_attributes                   0x08005804   Data          36  freertos.o(.constdata)
    CAN_attributes                           0x08005828   Data          36  freertos.o(.constdata)
    Task_Breathing__attributes               0x0800584c   Data          36  freertos.o(.constdata)
    TASK_UART_Proce_attributes               0x08005870   Data          36  freertos.o(.constdata)
    Queue_CAN_Data_attributes                0x08005894   Data          24  freertos.o(.constdata)
    Queue_UART_Data_attributes               0x080058ac   Data          24  freertos.o(.constdata)
    Queue_CAN_Process_attributes             0x080058c4   Data          24  freertos.o(.constdata)
    BinarySem_LED_Freq_attributes            0x080058dc   Data          16  freertos.o(.constdata)
    AHBPrescTable                            0x080058fe   Data          16  system_stm32f1xx.o(.constdata)
    APBPrescTable                            0x0800590e   Data           8  system_stm32f1xx.o(.constdata)
    __stdin_name                             0x0800594f   Data           4  sys_io.o(.constdata)
    __stdout_name                            0x08005953   Data           4  sys_io.o(.constdata)
    __stderr_name                            0x08005957   Data           4  sys_io.o(.constdata)
    Region$$Table$$Base                      0x08005a68   Number         0  anon$$obj.o(Region$$Table)
    Region$$Table$$Limit                     0x08005a88   Number         0  anon$$obj.o(Region$$Table)
    defaultTaskHandle                        0x20000008   Data           4  freertos.o(.data)
    CANHandle                                0x2000000c   Data           4  freertos.o(.data)
    Task_Breathing_Handle                    0x20000010   Data           4  freertos.o(.data)
    TASK_UART_ProceHandle                    0x20000014   Data           4  freertos.o(.data)
    Queue_CAN_DataHandle                     0x20000018   Data           4  freertos.o(.data)
    Queue_UART_DataHandle                    0x2000001c   Data           4  freertos.o(.data)
    Queue_CAN_ProcessHandle                  0x20000020   Data           4  freertos.o(.data)
    BinarySem_LED_FreqHandle                 0x20000024   Data           4  freertos.o(.data)
    uwTickFreq                               0x20000028   Data           1  stm32f1xx_hal.o(.data)
    uwTickPrio                               0x2000002c   Data           4  stm32f1xx_hal.o(.data)
    uwTick                                   0x20000030   Data           4  stm32f1xx_hal.o(.data)
    SystemCoreClock                          0x20000034   Data           4  system_stm32f1xx.o(.data)
    pxCurrentTCB                             0x20000038   Data           4  tasks.o(.data)
    __aeabi_stdin                            0x200000b8   Data           4  stdio_streams.o(.data)
    __aeabi_stdout                           0x200000bc   Data           4  stdio_streams.o(.data)
    __aeabi_stderr                           0x200000c0   Data           4  stdio_streams.o(.data)
    hcan                                     0x200003dc   Data          40  can.o(.bss)
    htim3                                    0x20000404   Data          72  tim.o(.bss)
    huart1                                   0x2000044c   Data          72  usart.o(.bss)
    hdma_usart1_rx                           0x20000494   Data          68  usart.o(.bss)
    htim2                                    0x200004d8   Data          72  stm32f1xx_hal_timebase_tim.o(.bss)
    xQueueRegistry                           0x20000520   Data          64  queue.o(.bss)
    __stdin                                  0x200031f4   Data          84  stdio_streams.o(.bss)
    __stdout                                 0x20003248   Data          84  stdio_streams.o(.bss)
    __stderr                                 0x2000329c   Data          84  stdio_streams.o(.bss)
    __libspace_start                         0x200032f0   Data          96  libspace.o(.bss)
    __temporary_stack_top$libspace           0x20003350   Data           0  libspace.o(.bss)



==============================================================================

Memory Map of the image

  Image Entry point : 0x08000131

  Load Region LR_IROM1 (Base: 0x08000000, Size: 0x00005b4c, Max: 0x00040000, ABSOLUTE)

    Execution Region ER_IROM1 (Exec base: 0x08000000, Load base: 0x08000000, Size: 0x00005a88, Max: 0x00040000, ABSOLUTE)

    Exec Addr    Load Addr    Size         Type   Attr      Idx    E Section Name        Object

    0x08000000   0x08000000   0x00000130   Data   RO            3    RESET               startup_stm32f103xe.o
    0x08000130   0x08000130   0x00000008   Code   RO         5197  * !!!main             c_w.l(__main.o)
    0x08000138   0x08000138   0x00000034   Code   RO         5550    !!!scatter          c_w.l(__scatter.o)
    0x0800016c   0x0800016c   0x0000001a   Code   RO         5552    !!handler_copy      c_w.l(__scatter_copy.o)
    0x08000186   0x08000186   0x00000002   PAD
    0x08000188   0x08000188   0x0000001c   Code   RO         5554    !!handler_zi        c_w.l(__scatter_zi.o)
    0x080001a4   0x080001a4   0x00000000   Code   RO         5182    .ARM.Collect$$_printf_percent$$00000000  c_w.l(_printf_percent.o)
    0x080001a4   0x080001a4   0x00000006   Code   RO         5181    .ARM.Collect$$_printf_percent$$00000009  c_w.l(_printf_d.o)
    0x080001aa   0x080001aa   0x00000006   Code   RO         5180    .ARM.Collect$$_printf_percent$$0000000C  c_w.l(_printf_x.o)
    0x080001b0   0x080001b0   0x00000006   Code   RO         5179    .ARM.Collect$$_printf_percent$$00000014  c_w.l(_printf_s.o)
    0x080001b6   0x080001b6   0x00000004   Code   RO         5212    .ARM.Collect$$_printf_percent$$00000017  c_w.l(_printf_percent_end.o)
    0x080001ba   0x080001ba   0x00000002   Code   RO         5341    .ARM.Collect$$libinit$$00000000  c_w.l(libinit.o)
    0x080001bc   0x080001bc   0x00000000   Code   RO         5343    .ARM.Collect$$libinit$$00000002  c_w.l(libinit2.o)
    0x080001bc   0x080001bc   0x00000000   Code   RO         5345    .ARM.Collect$$libinit$$00000004  c_w.l(libinit2.o)
    0x080001bc   0x080001bc   0x00000008   Code   RO         5346    .ARM.Collect$$libinit$$00000005  c_w.l(libinit2.o)
    0x080001c4   0x080001c4   0x00000000   Code   RO         5348    .ARM.Collect$$libinit$$0000000A  c_w.l(libinit2.o)
    0x080001c4   0x080001c4   0x00000000   Code   RO         5350    .ARM.Collect$$libinit$$0000000C  c_w.l(libinit2.o)
    0x080001c4   0x080001c4   0x00000000   Code   RO         5352    .ARM.Collect$$libinit$$0000000E  c_w.l(libinit2.o)
    0x080001c4   0x080001c4   0x00000000   Code   RO         5355    .ARM.Collect$$libinit$$00000011  c_w.l(libinit2.o)
    0x080001c4   0x080001c4   0x00000000   Code   RO         5357    .ARM.Collect$$libinit$$00000013  c_w.l(libinit2.o)
    0x080001c4   0x080001c4   0x00000000   Code   RO         5359    .ARM.Collect$$libinit$$00000015  c_w.l(libinit2.o)
    0x080001c4   0x080001c4   0x00000000   Code   RO         5361    .ARM.Collect$$libinit$$00000017  c_w.l(libinit2.o)
    0x080001c4   0x080001c4   0x00000000   Code   RO         5363    .ARM.Collect$$libinit$$00000019  c_w.l(libinit2.o)
    0x080001c4   0x080001c4   0x00000000   Code   RO         5365    .ARM.Collect$$libinit$$0000001B  c_w.l(libinit2.o)
    0x080001c4   0x080001c4   0x00000000   Code   RO         5367    .ARM.Collect$$libinit$$0000001D  c_w.l(libinit2.o)
    0x080001c4   0x080001c4   0x00000000   Code   RO         5369    .ARM.Collect$$libinit$$0000001F  c_w.l(libinit2.o)
    0x080001c4   0x080001c4   0x00000000   Code   RO         5371    .ARM.Collect$$libinit$$00000021  c_w.l(libinit2.o)
    0x080001c4   0x080001c4   0x00000000   Code   RO         5373    .ARM.Collect$$libinit$$00000023  c_w.l(libinit2.o)
    0x080001c4   0x080001c4   0x00000004   Code   RO         5374    .ARM.Collect$$libinit$$00000024  c_w.l(libinit2.o)
    0x080001c8   0x080001c8   0x00000000   Code   RO         5375    .ARM.Collect$$libinit$$00000025  c_w.l(libinit2.o)
    0x080001c8   0x080001c8   0x00000000   Code   RO         5379    .ARM.Collect$$libinit$$0000002C  c_w.l(libinit2.o)
    0x080001c8   0x080001c8   0x00000000   Code   RO         5381    .ARM.Collect$$libinit$$0000002E  c_w.l(libinit2.o)
    0x080001c8   0x080001c8   0x00000000   Code   RO         5383    .ARM.Collect$$libinit$$00000030  c_w.l(libinit2.o)
    0x080001c8   0x080001c8   0x00000000   Code   RO         5385    .ARM.Collect$$libinit$$00000032  c_w.l(libinit2.o)
    0x080001c8   0x080001c8   0x00000002   Code   RO         5386    .ARM.Collect$$libinit$$00000033  c_w.l(libinit2.o)
    0x080001ca   0x080001ca   0x00000002   Code   RO         5529    .ARM.Collect$$libshutdown$$00000000  c_w.l(libshutdown.o)
    0x080001cc   0x080001cc   0x00000000   Code   RO         5388    .ARM.Collect$$libshutdown$$00000002  c_w.l(libshutdown2.o)
    0x080001cc   0x080001cc   0x00000000   Code   RO         5390    .ARM.Collect$$libshutdown$$00000004  c_w.l(libshutdown2.o)
    0x080001cc   0x080001cc   0x00000004   Code   RO         5391    .ARM.Collect$$libshutdown$$00000005  c_w.l(libshutdown2.o)
    0x080001d0   0x080001d0   0x00000000   Code   RO         5392    .ARM.Collect$$libshutdown$$00000006  c_w.l(libshutdown2.o)
    0x080001d0   0x080001d0   0x00000000   Code   RO         5395    .ARM.Collect$$libshutdown$$00000009  c_w.l(libshutdown2.o)
    0x080001d0   0x080001d0   0x00000000   Code   RO         5398    .ARM.Collect$$libshutdown$$0000000C  c_w.l(libshutdown2.o)
    0x080001d0   0x080001d0   0x00000000   Code   RO         5400    .ARM.Collect$$libshutdown$$0000000E  c_w.l(libshutdown2.o)
    0x080001d0   0x080001d0   0x00000000   Code   RO         5403    .ARM.Collect$$libshutdown$$00000011  c_w.l(libshutdown2.o)
    0x080001d0   0x080001d0   0x00000002   Code   RO         5404    .ARM.Collect$$libshutdown$$00000012  c_w.l(libshutdown2.o)
    0x080001d2   0x080001d2   0x00000000   Code   RO         5199    .ARM.Collect$$rtentry$$00000000  c_w.l(__rtentry.o)
    0x080001d2   0x080001d2   0x00000000   Code   RO         5222    .ARM.Collect$$rtentry$$00000002  c_w.l(__rtentry2.o)
    0x080001d2   0x080001d2   0x00000006   Code   RO         5234    .ARM.Collect$$rtentry$$00000004  c_w.l(__rtentry4.o)
    0x080001d8   0x080001d8   0x00000000   Code   RO         5224    .ARM.Collect$$rtentry$$00000009  c_w.l(__rtentry2.o)
    0x080001d8   0x080001d8   0x00000004   Code   RO         5225    .ARM.Collect$$rtentry$$0000000A  c_w.l(__rtentry2.o)
    0x080001dc   0x080001dc   0x00000000   Code   RO         5227    .ARM.Collect$$rtentry$$0000000C  c_w.l(__rtentry2.o)
    0x080001dc   0x080001dc   0x00000008   Code   RO         5228    .ARM.Collect$$rtentry$$0000000D  c_w.l(__rtentry2.o)
    0x080001e4   0x080001e4   0x00000002   Code   RO         5413    .ARM.Collect$$rtexit$$00000000  c_w.l(rtexit.o)
    0x080001e6   0x080001e6   0x00000000   Code   RO         5467    .ARM.Collect$$rtexit$$00000002  c_w.l(rtexit2.o)
    0x080001e6   0x080001e6   0x00000004   Code   RO         5468    .ARM.Collect$$rtexit$$00000003  c_w.l(rtexit2.o)
    0x080001ea   0x080001ea   0x00000006   Code   RO         5469    .ARM.Collect$$rtexit$$00000004  c_w.l(rtexit2.o)
    0x080001f0   0x080001f0   0x00000096   Code   RO         5041    .emb_text           port.o
    0x08000286   0x08000286   0x00000002   PAD
    0x08000288   0x08000288   0x00000000   Code   RO         5473    .emb_text           c_w.l(maybetermalloc1.o)
    0x08000288   0x08000288   0x00000040   Code   RO            4    .text               startup_stm32f103xe.o
    0x080002c8   0x080002c8   0x00000018   Code   RO         5122    .text               c_w.l(__2printf.o)
    0x080002e0   0x080002e0   0x0000004e   Code   RO         5132    .text               c_w.l(_printf_pad.o)
    0x0800032e   0x0800032e   0x00000052   Code   RO         5134    .text               c_w.l(_printf_str.o)
    0x08000380   0x08000380   0x00000078   Code   RO         5136    .text               c_w.l(_printf_dec.o)
    0x080003f8   0x080003f8   0x00000058   Code   RO         5141    .text               c_w.l(_printf_hex_int.o)
    0x08000450   0x08000450   0x00000138   Code   RO         5171    .text               c_w.l(__printf_flags_wp.o)
    0x08000588   0x08000588   0x0000003e   Code   RO         5183    .text               c_w.l(strlen.o)
    0x080005c6   0x080005c6   0x0000008a   Code   RO         5185    .text               c_w.l(rt_memcpy_v6.o)
    0x08000650   0x08000650   0x00000010   Code   RO         5189    .text               c_w.l(aeabi_memset.o)
    0x08000660   0x08000660   0x00000044   Code   RO         5191    .text               c_w.l(rt_memclr.o)
    0x080006a4   0x080006a4   0x0000004e   Code   RO         5193    .text               c_w.l(rt_memclr_w.o)
    0x080006f2   0x080006f2   0x00000006   Code   RO         5195    .text               c_w.l(heapauxi.o)
    0x080006f8   0x080006f8   0x000000b2   Code   RO         5200    .text               c_w.l(_printf_intcommon.o)
    0x080007aa   0x080007aa   0x00000002   PAD
    0x080007ac   0x080007ac   0x00000030   Code   RO         5202    .text               c_w.l(_printf_char_common.o)
    0x080007dc   0x080007dc   0x0000002c   Code   RO         5208    .text               c_w.l(_printf_char.o)
    0x08000808   0x08000808   0x00000024   Code   RO         5210    .text               c_w.l(_printf_char_file.o)
    0x0800082c   0x0800082c   0x00000064   Code   RO         5219    .text               c_w.l(rt_memcpy_w.o)
    0x08000890   0x08000890   0x00000008   Code   RO         5238    .text               c_w.l(ferror.o)
    0x08000898   0x08000898   0x00000138   Code   RO         5244    .text               c_w.l(initio.o)
    0x080009d0   0x080009d0   0x00000066   Code   RO         5252    .text               c_w.l(sys_io.o)
    0x08000a36   0x08000a36   0x0000004a   Code   RO         5259    .text               c_w.l(sys_stackheap_outer.o)
    0x08000a80   0x08000a80   0x0000004e   Code   RO         5263    .text               c_w.l(h1_free.o)
    0x08000ace   0x08000ace   0x000001d6   Code   RO         5317    .text               c_w.l(flsbuf.o)
    0x08000ca4   0x08000ca4   0x00000046   Code   RO         5319    .text               c_w.l(setvbuf.o)
    0x08000cea   0x08000cea   0x00000002   PAD
    0x08000cec   0x08000cec   0x000000ec   Code   RO         5322    .text               c_w.l(fopen.o)
    0x08000dd8   0x08000dd8   0x0000004c   Code   RO         5324    .text               c_w.l(fclose.o)
    0x08000e24   0x08000e24   0x00000012   Code   RO         5330    .text               c_w.l(exit.o)
    0x08000e36   0x08000e36   0x0000000e   Code   RO         5332    .text               c_w.l(defsig_rtred_outer.o)
    0x08000e44   0x08000e44   0x00000008   Code   RO         5407    .text               c_w.l(libspace.o)
    0x08000e4c   0x08000e4c   0x00000002   Code   RO         5410    .text               c_w.l(use_no_semi.o)
    0x08000e4e   0x08000e4e   0x00000000   Code   RO         5412    .text               c_w.l(indicate_semi.o)
    0x08000e4e   0x08000e4e   0x00000002   PAD
    0x08000e50   0x08000e50   0x00000008   Code   RO         5420    .text               c_w.l(rt_heap_descriptor_intlibspace.o)
    0x08000e58   0x08000e58   0x00000004   Code   RO         5422    .text               c_w.l(hguard.o)
    0x08000e5c   0x08000e5c   0x0000008a   Code   RO         5424    .text               c_w.l(init_alloc.o)
    0x08000ee6   0x08000ee6   0x0000005e   Code   RO         5430    .text               c_w.l(h1_alloc.o)
    0x08000f44   0x08000f44   0x000000f8   Code   RO         5446    .text               c_w.l(fseek.o)
    0x0800103c   0x0800103c   0x000000f0   Code   RO         5448    .text               c_w.l(stdio.o)
    0x0800112c   0x0800112c   0x0000000a   Code   RO         5454    .text               c_w.l(defsig_exit.o)
    0x08001136   0x08001136   0x00000002   PAD
    0x08001138   0x08001138   0x00000034   Code   RO         5456    .text               c_w.l(defsig_rtred_inner.o)
    0x0800116c   0x0800116c   0x0000000c   Code   RO         5464    .text               c_w.l(sys_exit.o)
    0x08001178   0x08001178   0x0000000e   Code   RO         5475    .text               c_w.l(h1_init.o)
    0x08001186   0x08001186   0x00000034   Code   RO         5477    .text               c_w.l(h1_extend.o)
    0x080011ba   0x080011ba   0x00000042   Code   RO         5487    .text               c_w.l(ftell.o)
    0x080011fc   0x080011fc   0x00000032   Code   RO         5495    .text               c_w.l(defsig_general.o)
    0x0800122e   0x0800122e   0x0000000e   Code   RO         5497    .text               c_w.l(defsig_rtmem_outer.o)
    0x0800123c   0x0800123c   0x0000000e   Code   RO         5510    .text               c_w.l(sys_wrch.o)
    0x0800124a   0x0800124a   0x00000002   PAD
    0x0800124c   0x0800124c   0x00000008   Code   RO         5517    .text               c_w.l(rt_errno_addr_intlibspace.o)
    0x08001254   0x08001254   0x00000050   Code   RO         5523    .text               c_w.l(defsig_rtmem_inner.o)
    0x080012a4   0x080012a4   0x00000002   Code   RO          597    i.BusFault_Handler  stm32f1xx_it.o
    0x080012a6   0x080012a6   0x00000002   PAD
    0x080012a8   0x080012a8   0x0000000c   Code   RO          598    i.CAN1_RX1_IRQHandler  stm32f1xx_it.o
    0x080012b4   0x080012b4   0x00000042   Code   RO           13    i.CAN_CheckFrame    can_process.o
    0x080012f6   0x080012f6   0x00000056   Code   RO           14    i.CAN_ExtractControlInfo  can_process.o
    0x0800134c   0x0800134c   0x0000000c   Code   RO          599    i.DMA1_Channel5_IRQHandler  stm32f1xx_it.o
    0x08001358   0x08001358   0x0000002a   Code   RO         2365    i.DMA_SetConfig     stm32f1xx_hal_dma.o
    0x08001382   0x08001382   0x00000002   Code   RO          600    i.DebugMon_Handler  stm32f1xx_it.o
    0x08001384   0x08001384   0x00000004   Code   RO          294    i.Error_Handler     main.o
    0x08001388   0x08001388   0x00000024   Code   RO         1752    i.HAL_CAN_ActivateNotification  stm32f1xx_hal_can.o
    0x080013ac   0x080013ac   0x00000002   Code   RO         1757    i.HAL_CAN_ErrorCallback  stm32f1xx_hal_can.o
    0x080013ae   0x080013ae   0x000000f4   Code   RO         1760    i.HAL_CAN_GetRxMessage  stm32f1xx_hal_can.o
    0x080014a2   0x080014a2   0x000001fc   Code   RO         1764    i.HAL_CAN_IRQHandler  stm32f1xx_hal_can.o
    0x0800169e   0x0800169e   0x0000011a   Code   RO         1765    i.HAL_CAN_Init      stm32f1xx_hal_can.o
    0x080017b8   0x080017b8   0x0000007c   Code   RO          442    i.HAL_CAN_MspInit   can.o
    0x08001834   0x08001834   0x00000002   Code   RO         1772    i.HAL_CAN_RxFifo0FullCallback  stm32f1xx_hal_can.o
    0x08001836   0x08001836   0x00000002   PAD
    0x08001838   0x08001838   0x000000a0   Code   RO           15    i.HAL_CAN_RxFifo0MsgPendingCallback  can_process.o
    0x080018d8   0x080018d8   0x00000002   Code   RO         1774    i.HAL_CAN_RxFifo1FullCallback  stm32f1xx_hal_can.o
    0x080018da   0x080018da   0x00000002   Code   RO         1775    i.HAL_CAN_RxFifo1MsgPendingCallback  stm32f1xx_hal_can.o
    0x080018dc   0x080018dc   0x00000002   Code   RO         1776    i.HAL_CAN_SleepCallback  stm32f1xx_hal_can.o
    0x080018de   0x080018de   0x00000002   PAD
    0x080018e0   0x080018e0   0x00000058   Code   RO         1777    i.HAL_CAN_Start     stm32f1xx_hal_can.o
    0x08001938   0x08001938   0x00000002   Code   RO         1779    i.HAL_CAN_TxMailbox0AbortCallback  stm32f1xx_hal_can.o
    0x0800193a   0x0800193a   0x00000002   Code   RO         1780    i.HAL_CAN_TxMailbox0CompleteCallback  stm32f1xx_hal_can.o
    0x0800193c   0x0800193c   0x00000002   Code   RO         1781    i.HAL_CAN_TxMailbox1AbortCallback  stm32f1xx_hal_can.o
    0x0800193e   0x0800193e   0x00000002   Code   RO         1782    i.HAL_CAN_TxMailbox1CompleteCallback  stm32f1xx_hal_can.o
    0x08001940   0x08001940   0x00000002   Code   RO         1783    i.HAL_CAN_TxMailbox2AbortCallback  stm32f1xx_hal_can.o
    0x08001942   0x08001942   0x00000002   Code   RO         1784    i.HAL_CAN_TxMailbox2CompleteCallback  stm32f1xx_hal_can.o
    0x08001944   0x08001944   0x00000002   Code   RO         1786    i.HAL_CAN_WakeUpFromRxMsgCallback  stm32f1xx_hal_can.o
    0x08001946   0x08001946   0x00000046   Code   RO         2366    i.HAL_DMA_Abort     stm32f1xx_hal_dma.o
    0x0800198c   0x0800198c   0x00000130   Code   RO         2367    i.HAL_DMA_Abort_IT  stm32f1xx_hal_dma.o
    0x08001abc   0x08001abc   0x00000248   Code   RO         2371    i.HAL_DMA_IRQHandler  stm32f1xx_hal_dma.o
    0x08001d04   0x08001d04   0x0000007c   Code   RO         2372    i.HAL_DMA_Init      stm32f1xx_hal_dma.o
    0x08001d80   0x08001d80   0x00000070   Code   RO         2376    i.HAL_DMA_Start_IT  stm32f1xx_hal_dma.o
    0x08001df0   0x08001df0   0x000001f8   Code   RO         2302    i.HAL_GPIO_Init     stm32f1xx_hal_gpio.o
    0x08001fe8   0x08001fe8   0x0000000c   Code   RO         1996    i.HAL_GetTick       stm32f1xx_hal.o
    0x08001ff4   0x08001ff4   0x00000010   Code   RO         2002    i.HAL_IncTick       stm32f1xx_hal.o
    0x08002004   0x08002004   0x00000024   Code   RO         2003    i.HAL_Init          stm32f1xx_hal.o
    0x08002028   0x08002028   0x00000098   Code   RO          703    i.HAL_InitTick      stm32f1xx_hal_timebase_tim.o
    0x080020c0   0x080020c0   0x00000048   Code   RO          679    i.HAL_MspInit       stm32f1xx_hal_msp.o
    0x08002108   0x08002108   0x0000001a   Code   RO         2462    i.HAL_NVIC_EnableIRQ  stm32f1xx_hal_cortex.o
    0x08002122   0x08002122   0x00000002   PAD
    0x08002124   0x08002124   0x00000040   Code   RO         2468    i.HAL_NVIC_SetPriority  stm32f1xx_hal_cortex.o
    0x08002164   0x08002164   0x00000024   Code   RO         2469    i.HAL_NVIC_SetPriorityGrouping  stm32f1xx_hal_cortex.o
    0x08002188   0x08002188   0x0000012c   Code   RO         2160    i.HAL_RCC_ClockConfig  stm32f1xx_hal_rcc.o
    0x080022b4   0x080022b4   0x00000040   Code   RO         2164    i.HAL_RCC_GetClockConfig  stm32f1xx_hal_rcc.o
    0x080022f4   0x080022f4   0x00000020   Code   RO         2167    i.HAL_RCC_GetPCLK1Freq  stm32f1xx_hal_rcc.o
    0x08002314   0x08002314   0x00000020   Code   RO         2168    i.HAL_RCC_GetPCLK2Freq  stm32f1xx_hal_rcc.o
    0x08002334   0x08002334   0x0000004c   Code   RO         2169    i.HAL_RCC_GetSysClockFreq  stm32f1xx_hal_rcc.o
    0x08002380   0x08002380   0x00000320   Code   RO         2172    i.HAL_RCC_OscConfig  stm32f1xx_hal_rcc.o
    0x080026a0   0x080026a0   0x00000002   Code   RO         1484    i.HAL_TIMEx_BreakCallback  stm32f1xx_hal_tim_ex.o
    0x080026a2   0x080026a2   0x00000002   Code   RO         1485    i.HAL_TIMEx_CommutCallback  stm32f1xx_hal_tim_ex.o
    0x080026a4   0x080026a4   0x0000007c   Code   RO         1503    i.HAL_TIMEx_MasterConfigSynchronization  stm32f1xx_hal_tim_ex.o
    0x08002720   0x08002720   0x0000005a   Code   RO          780    i.HAL_TIM_Base_Init  stm32f1xx_hal_tim.o
    0x0800277a   0x0800277a   0x00000002   PAD
    0x0800277c   0x0800277c   0x00000028   Code   RO          508    i.HAL_TIM_Base_MspInit  tim.o
    0x080027a4   0x080027a4   0x0000006c   Code   RO          785    i.HAL_TIM_Base_Start_IT  stm32f1xx_hal_tim.o
    0x08002810   0x08002810   0x000000dc   Code   RO          789    i.HAL_TIM_ConfigClockSource  stm32f1xx_hal_tim.o
    0x080028ec   0x080028ec   0x00000002   Code   RO          814    i.HAL_TIM_IC_CaptureCallback  stm32f1xx_hal_tim.o
    0x080028ee   0x080028ee   0x00000130   Code   RO          828    i.HAL_TIM_IRQHandler  stm32f1xx_hal_tim.o
    0x08002a1e   0x08002a1e   0x00000002   PAD
    0x08002a20   0x08002a20   0x0000004c   Code   RO          509    i.HAL_TIM_MspPostInit  tim.o
    0x08002a6c   0x08002a6c   0x00000002   Code   RO          831    i.HAL_TIM_OC_DelayElapsedCallback  stm32f1xx_hal_tim.o
    0x08002a6e   0x08002a6e   0x000000cc   Code   RO          852    i.HAL_TIM_PWM_ConfigChannel  stm32f1xx_hal_tim.o
    0x08002b3a   0x08002b3a   0x0000005a   Code   RO          855    i.HAL_TIM_PWM_Init  stm32f1xx_hal_tim.o
    0x08002b94   0x08002b94   0x00000002   Code   RO          857    i.HAL_TIM_PWM_MspInit  stm32f1xx_hal_tim.o
    0x08002b96   0x08002b96   0x00000002   Code   RO          858    i.HAL_TIM_PWM_PulseFinishedCallback  stm32f1xx_hal_tim.o
    0x08002b98   0x08002b98   0x000000b4   Code   RO          860    i.HAL_TIM_PWM_Start  stm32f1xx_hal_tim.o
    0x08002c4c   0x08002c4c   0x0000000e   Code   RO          295    i.HAL_TIM_PeriodElapsedCallback  main.o
    0x08002c5a   0x08002c5a   0x00000002   Code   RO          871    i.HAL_TIM_TriggerCallback  stm32f1xx_hal_tim.o
    0x08002c5c   0x08002c5c   0x00000002   Code   RO         2974    i.HAL_UARTEx_RxEventCallback  stm32f1xx_hal_uart.o
    0x08002c5e   0x08002c5e   0x00000002   Code   RO         2988    i.HAL_UART_ErrorCallback  stm32f1xx_hal_uart.o
    0x08002c60   0x08002c60   0x0000026c   Code   RO         2991    i.HAL_UART_IRQHandler  stm32f1xx_hal_uart.o
    0x08002ecc   0x08002ecc   0x00000064   Code   RO         2992    i.HAL_UART_Init     stm32f1xx_hal_uart.o
    0x08002f30   0x08002f30   0x000000b4   Code   RO          556    i.HAL_UART_MspInit  usart.o
    0x08002fe4   0x08002fe4   0x0000001c   Code   RO         2996    i.HAL_UART_Receive_DMA  stm32f1xx_hal_uart.o
    0x08003000   0x08003000   0x00000024   Code   RO          203    i.HAL_UART_RxCpltCallback  uart_process.o
    0x08003024   0x08003024   0x00000002   Code   RO         2999    i.HAL_UART_RxHalfCpltCallback  stm32f1xx_hal_uart.o
    0x08003026   0x08003026   0x00000002   PAD
    0x08003028   0x08003028   0x00000018   Code   RO          204    i.HAL_UART_TxCpltCallback  uart_process.o
    0x08003040   0x08003040   0x00000002   Code   RO          601    i.HardFault_Handler  stm32f1xx_it.o
    0x08003042   0x08003042   0x00000002   PAD
    0x08003044   0x08003044   0x00000070   Code   RO          160    i.LED_BreathingUpdate  led_control.o
    0x080030b4   0x080030b4   0x00000050   Code   RO          161    i.LED_Init          led_control.o
    0x08003104   0x08003104   0x00000054   Code   RO          162    i.LED_UpdatePWM     led_control.o
    0x08003158   0x08003158   0x00000044   Code   RO          443    i.MX_CAN_Init       can.o
    0x0800319c   0x0800319c   0x0000002c   Code   RO          483    i.MX_DMA_Init       dma.o
    0x080031c8   0x080031c8   0x0000008c   Code   RO          373    i.MX_FREERTOS_Init  freertos.o
    0x08003254   0x08003254   0x0000002c   Code   RO          349    i.MX_GPIO_Init      gpio.o
    0x08003280   0x08003280   0x000000a0   Code   RO          510    i.MX_TIM3_Init      tim.o
    0x08003320   0x08003320   0x00000038   Code   RO          557    i.MX_USART1_UART_Init  usart.o
    0x08003358   0x08003358   0x00000002   Code   RO          602    i.MemManage_Handler  stm32f1xx_it.o
    0x0800335a   0x0800335a   0x00000002   Code   RO          603    i.NMI_Handler       stm32f1xx_it.o
    0x0800335c   0x0800335c   0x00000008   Code   RO          374    i.StartDefaultTask  freertos.o
    0x08003364   0x08003364   0x00000040   Code   RO          375    i.StartTask_BreathingLED  freertos.o
    0x080033a4   0x080033a4   0x00000108   Code   RO          376    i.StartTask_CAN_Process  freertos.o
    0x080034ac   0x080034ac   0x000000bc   Code   RO          377    i.StartTask_USART_Process  freertos.o
    0x08003568   0x08003568   0x0000001a   Code   RO         4473    i.SysTick_Handler   cmsis_os2.o
    0x08003582   0x08003582   0x0000005e   Code   RO          296    i.SystemClock_Config  main.o
    0x080035e0   0x080035e0   0x00000002   Code   RO         3326    i.SystemInit        system_stm32f1xx.o
    0x080035e2   0x080035e2   0x00000002   PAD
    0x080035e4   0x080035e4   0x0000000c   Code   RO          604    i.TIM2_IRQHandler   stm32f1xx_it.o
    0x080035f0   0x080035f0   0x0000009c   Code   RO          873    i.TIM_Base_SetConfig  stm32f1xx_hal_tim.o
    0x0800368c   0x0800368c   0x0000001a   Code   RO          874    i.TIM_CCxChannelCmd  stm32f1xx_hal_tim.o
    0x080036a6   0x080036a6   0x00000014   Code   RO          884    i.TIM_ETR_SetConfig  stm32f1xx_hal_tim.o
    0x080036ba   0x080036ba   0x00000010   Code   RO          885    i.TIM_ITRx_SetConfig  stm32f1xx_hal_tim.o
    0x080036ca   0x080036ca   0x00000002   PAD
    0x080036cc   0x080036cc   0x00000060   Code   RO          886    i.TIM_OC1_SetConfig  stm32f1xx_hal_tim.o
    0x0800372c   0x0800372c   0x0000006c   Code   RO          887    i.TIM_OC2_SetConfig  stm32f1xx_hal_tim.o
    0x08003798   0x08003798   0x00000068   Code   RO          888    i.TIM_OC3_SetConfig  stm32f1xx_hal_tim.o
    0x08003800   0x08003800   0x00000050   Code   RO          889    i.TIM_OC4_SetConfig  stm32f1xx_hal_tim.o
    0x08003850   0x08003850   0x00000022   Code   RO          891    i.TIM_TI1_ConfigInputStage  stm32f1xx_hal_tim.o
    0x08003872   0x08003872   0x00000024   Code   RO          893    i.TIM_TI2_ConfigInputStage  stm32f1xx_hal_tim.o
    0x08003896   0x08003896   0x00000010   Code   RO         3005    i.UART_DMAAbortOnError  stm32f1xx_hal_uart.o
    0x080038a6   0x080038a6   0x0000004a   Code   RO         3006    i.UART_DMAError     stm32f1xx_hal_uart.o
    0x080038f0   0x080038f0   0x00000086   Code   RO         3007    i.UART_DMAReceiveCplt  stm32f1xx_hal_uart.o
    0x08003976   0x08003976   0x0000001e   Code   RO         3009    i.UART_DMARxHalfCplt  stm32f1xx_hal_uart.o
    0x08003994   0x08003994   0x0000004e   Code   RO         3015    i.UART_EndRxTransfer  stm32f1xx_hal_uart.o
    0x080039e2   0x080039e2   0x0000001c   Code   RO         3016    i.UART_EndTxTransfer  stm32f1xx_hal_uart.o
    0x080039fe   0x080039fe   0x00000002   PAD
    0x08003a00   0x08003a00   0x0000006c   Code   RO          205    i.UART_Init         uart_process.o
    0x08003a6c   0x08003a6c   0x000000c2   Code   RO         3017    i.UART_Receive_IT   stm32f1xx_hal_uart.o
    0x08003b2e   0x08003b2e   0x00000002   PAD
    0x08003b30   0x08003b30   0x000000b8   Code   RO         3018    i.UART_SetConfig    stm32f1xx_hal_uart.o
    0x08003be8   0x08003be8   0x00000090   Code   RO         3019    i.UART_Start_Receive_DMA  stm32f1xx_hal_uart.o
    0x08003c78   0x08003c78   0x0000000c   Code   RO          605    i.USART1_IRQHandler  stm32f1xx_it.o
    0x08003c84   0x08003c84   0x00000002   Code   RO          606    i.UsageFault_Handler  stm32f1xx_it.o
    0x08003c86   0x08003c86   0x00000020   Code   RO         2475    i.__NVIC_SetPriority  stm32f1xx_hal_cortex.o
    0x08003ca6   0x08003ca6   0x0000000e   Code   RO         5169    i._is_digit         c_w.l(__printf_wp.o)
    0x08003cb4   0x08003cb4   0x0000001a   Code   RO         5241    i.fputc             c_w.l(fputc.o)
    0x08003cce   0x08003cce   0x00000002   PAD
    0x08003cd0   0x08003cd0   0x00000050   Code   RO          297    i.main              main.o
    0x08003d20   0x08003d20   0x0000001a   Code   RO         4475    i.osDelay           cmsis_os2.o
    0x08003d3a   0x08003d3a   0x00000002   PAD
    0x08003d3c   0x08003d3c   0x00000024   Code   RO         4489    i.osKernelInitialize  cmsis_os2.o
    0x08003d60   0x08003d60   0x00000038   Code   RO         4492    i.osKernelStart     cmsis_os2.o
    0x08003d98   0x08003d98   0x00000064   Code   RO         4504    i.osMessageQueueGet  cmsis_os2.o
    0x08003dfc   0x08003dfc   0x00000058   Code   RO         4509    i.osMessageQueueNew  cmsis_os2.o
    0x08003e54   0x08003e54   0x00000068   Code   RO         4510    i.osMessageQueuePut  cmsis_os2.o
    0x08003ebc   0x08003ebc   0x00000098   Code   RO         4520    i.osSemaphoreNew    cmsis_os2.o
    0x08003f54   0x08003f54   0x0000008a   Code   RO         4534    i.osThreadNew       cmsis_os2.o
    0x08003fde   0x08003fde   0x00000002   PAD
    0x08003fe0   0x08003fe0   0x0000005c   Code   RO         3934    i.prvAddCurrentTaskToDelayedList  tasks.o
    0x0800403c   0x0800403c   0x000000d0   Code   RO         3935    i.prvAddNewTaskToReadyList  tasks.o
    0x0800410c   0x0800410c   0x00000058   Code   RO         4299    i.prvCheckForValidListAndQueue  timers.o
    0x08004164   0x08004164   0x00000026   Code   RO         3531    i.prvCopyDataFromQueue  queue.o
    0x0800418a   0x0800418a   0x0000006c   Code   RO         3532    i.prvCopyDataToQueue  queue.o
    0x080041f6   0x080041f6   0x00000034   Code   RO         3936    i.prvDeleteTCB      tasks.o
    0x0800422a   0x0800422a   0x00000002   PAD
    0x0800422c   0x0800422c   0x0000004c   Code   RO         4986    i.prvHeapInit       heap_4.o
    0x08004278   0x08004278   0x00000060   Code   RO         3937    i.prvIdleTask       tasks.o
    0x080042d8   0x080042d8   0x00000022   Code   RO         3534    i.prvInitialiseNewQueue  queue.o
    0x080042fa   0x080042fa   0x00000002   PAD
    0x080042fc   0x080042fc   0x000000b0   Code   RO         3938    i.prvInitialiseNewTask  tasks.o
    0x080043ac   0x080043ac   0x0000004c   Code   RO         4987    i.prvInsertBlockIntoFreeList  heap_4.o
    0x080043f8   0x080043f8   0x00000038   Code   RO         4301    i.prvInsertTimerInActiveList  timers.o
    0x08004430   0x08004430   0x0000001c   Code   RO         3535    i.prvIsQueueEmpty   queue.o
    0x0800444c   0x0800444c   0x000000fc   Code   RO         4302    i.prvProcessReceivedCommands  timers.o
    0x08004548   0x08004548   0x000000c0   Code   RO         4303    i.prvProcessTimerOrBlockTask  timers.o
    0x08004608   0x08004608   0x00000020   Code   RO         3940    i.prvResetNextTaskUnblockTime  tasks.o
    0x08004628   0x08004628   0x00000028   Code   RO         4304    i.prvSampleTimeNow  timers.o
    0x08004650   0x08004650   0x0000006c   Code   RO         4305    i.prvSwitchTimerLists  timers.o
    0x080046bc   0x080046bc   0x00000028   Code   RO         5042    i.prvTaskExitError  port.o
    0x080046e4   0x080046e4   0x00000024   Code   RO         4306    i.prvTimerTask      timers.o
    0x08004708   0x08004708   0x0000006a   Code   RO         3536    i.prvUnlockQueue    queue.o
    0x08004772   0x08004772   0x00000002   PAD
    0x08004774   0x08004774   0x000000dc   Code   RO         4988    i.pvPortMalloc      heap_4.o
    0x08004850   0x08004850   0x00000024   Code   RO         5043    i.pxPortInitialiseStack  port.o
    0x08004874   0x08004874   0x00000026   Code   RO         3491    i.uxListRemove      list.o
    0x0800489a   0x0800489a   0x00000002   PAD
    0x0800489c   0x0800489c   0x00000014   Code   RO         4546    i.vApplicationGetIdleTaskMemory  cmsis_os2.o
    0x080048b0   0x080048b0   0x00000018   Code   RO         4547    i.vApplicationGetTimerTaskMemory  cmsis_os2.o
    0x080048c8   0x080048c8   0x00000016   Code   RO         3492    i.vListInitialise   list.o
    0x080048de   0x080048de   0x00000006   Code   RO         3493    i.vListInitialiseItem  list.o
    0x080048e4   0x080048e4   0x00000030   Code   RO         3494    i.vListInsert       list.o
    0x08004914   0x08004914   0x00000018   Code   RO         3495    i.vListInsertEnd    list.o
    0x0800492c   0x0800492c   0x00000040   Code   RO         5045    i.vPortEnterCritical  port.o
    0x0800496c   0x0800496c   0x00000028   Code   RO         5046    i.vPortExitCritical  port.o
    0x08004994   0x08004994   0x00000064   Code   RO         4989    i.vPortFree         heap_4.o
    0x080049f8   0x080049f8   0x00000024   Code   RO         5047    i.vPortSetupTimerInterrupt  port.o
    0x08004a1c   0x08004a1c   0x00000054   Code   RO         5048    i.vPortValidateInterruptPriority  port.o
    0x08004a70   0x08004a70   0x00000028   Code   RO         3542    i.vQueueAddToRegistry  queue.o
    0x08004a98   0x08004a98   0x0000002e   Code   RO         3543    i.vQueueDelete      queue.o
    0x08004ac6   0x08004ac6   0x00000002   PAD
    0x08004ac8   0x08004ac8   0x00000028   Code   RO         3545    i.vQueueUnregisterQueue  queue.o
    0x08004af0   0x08004af0   0x00000044   Code   RO         3546    i.vQueueWaitForMessageRestricted  queue.o
    0x08004b34   0x08004b34   0x0000004c   Code   RO         3953    i.vTaskDelay        tasks.o
    0x08004b80   0x08004b80   0x00000010   Code   RO         3958    i.vTaskInternalSetTimeOutState  tasks.o
    0x08004b90   0x08004b90   0x0000000c   Code   RO         3959    i.vTaskMissedYield  tasks.o
    0x08004b9c   0x08004b9c   0x00000030   Code   RO         3961    i.vTaskPlaceOnEventList  tasks.o
    0x08004bcc   0x08004bcc   0x00000038   Code   RO         3962    i.vTaskPlaceOnEventListRestricted  tasks.o
    0x08004c04   0x08004c04   0x00000088   Code   RO         3970    i.vTaskStartScheduler  tasks.o
    0x08004c8c   0x08004c8c   0x00000010   Code   RO         3972    i.vTaskSuspendAll   tasks.o
    0x08004c9c   0x08004c9c   0x00000064   Code   RO         3973    i.vTaskSwitchContext  tasks.o
    0x08004d00   0x08004d00   0x000000a8   Code   RO         5049    i.xPortStartScheduler  port.o
    0x08004da8   0x08004da8   0x0000002c   Code   RO         5050    i.xPortSysTickHandler  port.o
    0x08004dd4   0x08004dd4   0x0000003a   Code   RO         3547    i.xQueueCreateCountingSemaphore  queue.o
    0x08004e0e   0x08004e0e   0x00000040   Code   RO         3548    i.xQueueCreateCountingSemaphoreStatic  queue.o
    0x08004e4e   0x08004e4e   0x00000042   Code   RO         3551    i.xQueueGenericCreate  queue.o
    0x08004e90   0x08004e90   0x00000066   Code   RO         3552    i.xQueueGenericCreateStatic  queue.o
    0x08004ef6   0x08004ef6   0x00000002   PAD
    0x08004ef8   0x08004ef8   0x00000088   Code   RO         3553    i.xQueueGenericReset  queue.o
    0x08004f80   0x08004f80   0x00000160   Code   RO         3554    i.xQueueGenericSend  queue.o
    0x080050e0   0x080050e0   0x000000be   Code   RO         3555    i.xQueueGenericSendFromISR  queue.o
    0x0800519e   0x0800519e   0x00000002   PAD
    0x080051a0   0x080051a0   0x00000138   Code   RO         3564    i.xQueueReceive     queue.o
    0x080052d8   0x080052d8   0x0000009a   Code   RO         3565    i.xQueueReceiveFromISR  queue.o
    0x08005372   0x08005372   0x00000002   PAD
    0x08005374   0x08005374   0x00000074   Code   RO         3975    i.xTaskCheckForTimeOut  tasks.o
    0x080053e8   0x080053e8   0x0000005a   Code   RO         3976    i.xTaskCreate       tasks.o
    0x08005442   0x08005442   0x00000056   Code   RO         3977    i.xTaskCreateStatic  tasks.o
    0x08005498   0x08005498   0x0000001c   Code   RO         3981    i.xTaskGetSchedulerState  tasks.o
    0x080054b4   0x080054b4   0x0000000c   Code   RO         3982    i.xTaskGetTickCount  tasks.o
    0x080054c0   0x080054c0   0x000000c8   Code   RO         3984    i.xTaskIncrementTick  tasks.o
    0x08005588   0x08005588   0x00000080   Code   RO         3987    i.xTaskPriorityDisinherit  tasks.o
    0x08005608   0x08005608   0x00000070   Code   RO         3989    i.xTaskRemoveFromEventList  tasks.o
    0x08005678   0x08005678   0x000000c4   Code   RO         3990    i.xTaskResumeAll    tasks.o
    0x0800573c   0x0800573c   0x00000060   Code   RO         4315    i.xTimerCreateTimerTask  timers.o
    0x0800579c   0x0800579c   0x00000068   Code   RO         4316    i.xTimerGenericCommand  timers.o
    0x08005804   0x08005804   0x000000e8   Data   RO          378    .constdata          freertos.o
    0x080058ec   0x080058ec   0x00000012   Data   RO         2173    .constdata          stm32f1xx_hal_rcc.o
    0x080058fe   0x080058fe   0x00000010   Data   RO         3327    .constdata          system_stm32f1xx.o
    0x0800590e   0x0800590e   0x00000008   Data   RO         3328    .constdata          system_stm32f1xx.o
    0x08005916   0x08005916   0x00000028   Data   RO         5142    .constdata          c_w.l(_printf_hex_int.o)
    0x0800593e   0x0800593e   0x00000011   Data   RO         5172    .constdata          c_w.l(__printf_flags_wp.o)
    0x0800594f   0x0800594f   0x00000004   Data   RO         5253    .constdata          c_w.l(sys_io.o)
    0x08005953   0x08005953   0x00000004   Data   RO         5254    .constdata          c_w.l(sys_io.o)
    0x08005957   0x08005957   0x00000004   Data   RO         5255    .constdata          c_w.l(sys_io.o)
    0x0800595b   0x0800595b   0x00000001   PAD
    0x0800595c   0x0800595c   0x0000010b   Data   RO          379    .conststring        freertos.o
    0x08005a67   0x08005a67   0x00000001   PAD
    0x08005a68   0x08005a68   0x00000020   Data   RO         5548    Region$$Table       anon$$obj.o


    Execution Region RW_IRAM1 (Exec base: 0x20000000, Load base: 0x08005a88, Size: 0x00003950, Max: 0x0000c000, ABSOLUTE)

    Exec Addr    Load Addr    Size         Type   Attr      Idx    E Section Name        Object

    0x20000000   0x08005a88   0x00000004   Data   RW          164    .data               led_control.o
    0x20000004   0x08005a8c   0x00000001   Data   RW          210    .data               uart_process.o
    0x20000005   0x08005a8d   0x00000003   PAD
    0x20000008   0x08005a90   0x00000020   Data   RW          380    .data               freertos.o
    0x20000028   0x08005ab0   0x0000000c   Data   RW         2010    .data               stm32f1xx_hal.o
    0x20000034   0x08005abc   0x00000004   Data   RW         3329    .data               system_stm32f1xx.o
    0x20000038   0x08005ac0   0x0000003c   Data   RW         3993    .data               tasks.o
    0x20000074   0x08005afc   0x00000014   Data   RW         4324    .data               timers.o
    0x20000088   0x08005b10   0x00000004   Data   RW         4549    .data               cmsis_os2.o
    0x2000008c   0x08005b14   0x00000020   Data   RW         4995    .data               heap_4.o
    0x200000ac   0x08005b34   0x0000000c   Data   RW         5051    .data               port.o
    0x200000b8   0x08005b40   0x00000004   Data   RW         5216    .data               c_w.l(stdio_streams.o)
    0x200000bc   0x08005b44   0x00000004   Data   RW         5217    .data               c_w.l(stdio_streams.o)
    0x200000c0   0x08005b48   0x00000004   Data   RW         5218    .data               c_w.l(stdio_streams.o)
    0x200000c4        -       0x00000014   Zero   RW          163    .bss                led_control.o
    0x200000d8        -       0x00000304   Zero   RW          209    .bss                uart_process.o
    0x200003dc        -       0x00000028   Zero   RW          444    .bss                can.o
    0x20000404        -       0x00000048   Zero   RW          511    .bss                tim.o
    0x2000044c        -       0x0000008c   Zero   RW          558    .bss                usart.o
    0x200004d8        -       0x00000048   Zero   RW          706    .bss                stm32f1xx_hal_timebase_tim.o
    0x20000520        -       0x00000040   Zero   RW         3568    .bss                queue.o
    0x20000560        -       0x000004c4   Zero   RW         3992    .bss                tasks.o
    0x20000a24        -       0x00000118   Zero   RW         4323    .bss                timers.o
    0x20000b3c        -       0x000006b8   Zero   RW         4548    .bss                cmsis_os2.o
    0x200011f4        -       0x00002000   Zero   RW         4994    .bss                heap_4.o
    0x200031f4        -       0x00000054   Zero   RW         5213    .bss                c_w.l(stdio_streams.o)
    0x20003248        -       0x00000054   Zero   RW         5214    .bss                c_w.l(stdio_streams.o)
    0x2000329c        -       0x00000054   Zero   RW         5215    .bss                c_w.l(stdio_streams.o)
    0x200032f0        -       0x00000060   Zero   RW         5408    .bss                c_w.l(libspace.o)
    0x20003350        -       0x00000200   Zero   RW            2    HEAP                startup_stm32f103xe.o
    0x20003550        -       0x00000400   Zero   RW            1    STACK               startup_stm32f103xe.o


==============================================================================

Image component sizes


      Code (inc. data)   RO Data    RW Data    ZI Data      Debug   Object Name

       192         22          0          0         40       1627   can.o
       312         76          0          0          0     504106   can_process.o
       770         30          0          4       1720      62660   cmsis_os2.o
        44          4          0          0          0        746   dma.o
         0          0          0          0          0      19580   event_groups.o
       664        298        499         32          0       5628   freertos.o
        44          6          0          0          0        771   gpio.o
       472         24          0         32       8192       4727   heap_4.o
       276         30          0          4         20       2333   led_control.o
       138          0          0          0          0       3358   list.o
       192          8          0          0          0       2528   main.o
       662         70          0         12          0      10669   port.o
      1942         24          0          0         64      22550   queue.o
        64         26        304          0       1536        804   startup_stm32f103xe.o
        64         14          0         12          0       5214   stm32f1xx_hal.o
      1182          0          0          0          0      11545   stm32f1xx_hal_can.o
       158         14          0          0          0      28150   stm32f1xx_hal_cortex.o
      1236         52          0          0          0       5078   stm32f1xx_hal_dma.o
       504         42          0          0          0       2264   stm32f1xx_hal_gpio.o
        72         10          0          0          0        858   stm32f1xx_hal_msp.o
      1304         94         18          0          0       5697   stm32f1xx_hal_rcc.o
      1882         98          0          0          0      16194   stm32f1xx_hal_tim.o
       128         20          0          0          0       2377   stm32f1xx_hal_tim_ex.o
       152         18          0          0         72       1463   stm32f1xx_hal_timebase_tim.o
      1636         24          0          0          0      11358   stm32f1xx_hal_uart.o
        60         24          0          0          0       4284   stm32f1xx_it.o
         0          0          0          0          0        392   stream_buffer.o
         2          0         24          4          0       1095   system_stm32f1xx.o
      2084        168          0         60       1220      26032   tasks.o
       276         34          0          0         72       2260   tim.o
       972         80          0         20        280      31935   timers.o
       168         62          0          1        772       9696   uart_process.o
       236         30          0          0        140       1765   usart.o

    ----------------------------------------------------------------------
     17934       1402        878        184      14128     809744   Object Totals
         0          0         32          0          0          0   (incl. Generated)
        46          0          1          3          0          0   (incl. Padding)

    ----------------------------------------------------------------------

      Code (inc. data)   RO Data    RW Data    ZI Data      Debug   Library Member Name

        24          4          0          0          0         84   __2printf.o
         8          0          0          0          0         68   __main.o
       312          4         17          0          0         92   __printf_flags_wp.o
        14          0          0          0          0         68   __printf_wp.o
         0          0          0          0          0          0   __rtentry.o
        12          0          0          0          0          0   __rtentry2.o
         6          0          0          0          0          0   __rtentry4.o
        52          8          0          0          0          0   __scatter.o
        26          0          0          0          0          0   __scatter_copy.o
        28          0          0          0          0          0   __scatter_zi.o
        44          0          0          0          0        108   _printf_char.o
        48          6          0          0          0         96   _printf_char_common.o
        36          4          0          0          0         80   _printf_char_file.o
         6          0          0          0          0          0   _printf_d.o
       120         16          0          0          0         92   _printf_dec.o
        88          4         40          0          0         88   _printf_hex_int.o
       178          0          0          0          0         88   _printf_intcommon.o
        78          0          0          0          0        108   _printf_pad.o
         0          0          0          0          0          0   _printf_percent.o
         4          0          0          0          0          0   _printf_percent_end.o
         6          0          0          0          0          0   _printf_s.o
        82          0          0          0          0         80   _printf_str.o
         6          0          0          0          0          0   _printf_x.o
        16          0          0          0          0         68   aeabi_memset.o
        10          0          0          0          0         68   defsig_exit.o
        50          0          0          0          0         88   defsig_general.o
        80         58          0          0          0         76   defsig_rtmem_inner.o
        14          0          0          0          0         80   defsig_rtmem_outer.o
        52         38          0          0          0         76   defsig_rtred_inner.o
        14          0          0          0          0         80   defsig_rtred_outer.o
        18          0          0          0          0         80   exit.o
        76          0          0          0          0         88   fclose.o
         8          0          0          0          0         68   ferror.o
       470          0          0          0          0         88   flsbuf.o
       236          4          0          0          0        128   fopen.o
        26          0          0          0          0         68   fputc.o
       248          6          0          0          0         84   fseek.o
        66          0          0          0          0         76   ftell.o
        94          0          0          0          0         80   h1_alloc.o
        52          0          0          0          0         68   h1_extend.o
        78          0          0          0          0         80   h1_free.o
        14          0          0          0          0         84   h1_init.o
         6          0          0          0          0        152   heapauxi.o
         4          0          0          0          0        136   hguard.o
         0          0          0          0          0          0   indicate_semi.o
       138          0          0          0          0        168   init_alloc.o
       312         46          0          0          0        112   initio.o
         2          0          0          0          0          0   libinit.o
        14          0          0          0          0          0   libinit2.o
         2          0          0          0          0          0   libshutdown.o
         6          0          0          0          0          0   libshutdown2.o
         8          4          0          0         96         68   libspace.o
         0          0          0          0          0          0   maybetermalloc1.o
         8          4          0          0          0         68   rt_errno_addr_intlibspace.o
         8          4          0          0          0         68   rt_heap_descriptor_intlibspace.o
        68          0          0          0          0         68   rt_memclr.o
        78          0          0          0          0         80   rt_memclr_w.o
       138          0          0          0          0         68   rt_memcpy_v6.o
       100          0          0          0          0         80   rt_memcpy_w.o
         2          0          0          0          0          0   rtexit.o
        10          0          0          0          0          0   rtexit2.o
        70          0          0          0          0         80   setvbuf.o
       240          6          0          0          0        156   stdio.o
         0          0          0         12        252          0   stdio_streams.o
        62          0          0          0          0         76   strlen.o
        12          4          0          0          0         68   sys_exit.o
       102          0         12          0          0        240   sys_io.o
        74          0          0          0          0         80   sys_stackheap_outer.o
        14          0          0          0          0         76   sys_wrch.o
         2          0          0          0          0         68   use_no_semi.o

    ----------------------------------------------------------------------
      4294        220         70         12        348       4492   Library Totals
        14          0          1          0          0          0   (incl. Padding)

    ----------------------------------------------------------------------

      Code (inc. data)   RO Data    RW Data    ZI Data      Debug   Library Name

      4280        220         69         12        348       4492   c_w.l

    ----------------------------------------------------------------------
      4294        220         70         12        348       4492   Library Totals

    ----------------------------------------------------------------------

==============================================================================


      Code (inc. data)   RO Data    RW Data    ZI Data      Debug   

     22228       1622        948        196      14476     801908   Grand Totals
     22228       1622        948        196      14476     801908   ELF Image Totals
     22228       1622        948        196          0          0   ROM Totals

==============================================================================

    Total RO  Size (Code + RO Data)                23176 (  22.63kB)
    Total RW  Size (RW Data + ZI Data)             14672 (  14.33kB)
    Total ROM Size (Code + RO Data + RW Data)      23372 (  22.82kB)

==============================================================================

